Archive member included to satisfy reference by file (symbol)

.\CortexM3\ARM_GCC_541\Debug\ReactionGame.a(CyLib.o)
                              .\CortexM3\ARM_GCC_541\Debug\Cm3Start.o (CyHalt)
.\CortexM3\ARM_GCC_541\Debug\ReactionGame.a(cyPm.o)
                              .\CortexM3\ARM_GCC_541\Debug\ReactionGame.a(CyLib.o) (CyPmReadStatus)
.\CortexM3\ARM_GCC_541\Debug\ReactionGame.a(ErikaOS_1_ee_activate.o)
                              .\CortexM3\ARM_GCC_541\Debug\main.o (EE_oo_ActivateTask)
.\CortexM3\ARM_GCC_541\Debug\ReactionGame.a(ErikaOS_1_ee_alcancel.o)
                              .\CortexM3\ARM_GCC_541\Debug\Game.o (EE_oo_CancelAlarm)
.\CortexM3\ARM_GCC_541\Debug\ReactionGame.a(ErikaOS_1_ee_alsetrel.o)
                              .\CortexM3\ARM_GCC_541\Debug\main.o (EE_oo_SetRelAlarm)
.\CortexM3\ARM_GCC_541\Debug\ReactionGame.a(ErikaOS_1_ee_altick.o)
                              .\CortexM3\ARM_GCC_541\Debug\ReactionGame.a(ErikaOS_1_ee_alsetrel.o) (EE_oo_counter_object_insert)
.\CortexM3\ARM_GCC_541\Debug\ReactionGame.a(ErikaOS_1_ee_evclear.o)
                              .\CortexM3\ARM_GCC_541\Debug\main.o (EE_oo_ClearEvent)
.\CortexM3\ARM_GCC_541\Debug\ReactionGame.a(ErikaOS_1_ee_evget.o)
                              .\CortexM3\ARM_GCC_541\Debug\main.o (EE_oo_GetEvent)
.\CortexM3\ARM_GCC_541\Debug\ReactionGame.a(ErikaOS_1_ee_evset.o)
                              .\CortexM3\ARM_GCC_541\Debug\main.o (EE_oo_SetEvent)
.\CortexM3\ARM_GCC_541\Debug\ReactionGame.a(ErikaOS_1_ee_evwait.o)
                              .\CortexM3\ARM_GCC_541\Debug\main.o (EE_oo_WaitEvent)
.\CortexM3\ARM_GCC_541\Debug\ReactionGame.a(ErikaOS_1_ee_irqendin.o)
                              .\CortexM3\ARM_GCC_541\Debug\main.o (EE_IRQ_end_post_stub)
.\CortexM3\ARM_GCC_541\Debug\ReactionGame.a(ErikaOS_1_ee_lookup.o)
                              .\CortexM3\ARM_GCC_541\Debug\ReactionGame.a(ErikaOS_1_ee_irqendin.o) (EE_oo_IRQ_disable_count)
.\CortexM3\ARM_GCC_541\Debug\ReactionGame.a(ErikaOS_1_ee_rq_exchg.o)
                              .\CortexM3\ARM_GCC_541\Debug\ReactionGame.a(ErikaOS_1_ee_activate.o) (EE_rq2stk_exchange)
.\CortexM3\ARM_GCC_541\Debug\ReactionGame.a(ErikaOS_1_ee_rq_first.o)
                              .\CortexM3\ARM_GCC_541\Debug\ReactionGame.a(ErikaOS_1_ee_activate.o) (EE_rq_queryfirst)
.\CortexM3\ARM_GCC_541\Debug\ReactionGame.a(ErikaOS_1_ee_rq_inser.o)
                              .\CortexM3\ARM_GCC_541\Debug\ReactionGame.a(ErikaOS_1_ee_activate.o) (EE_rq_insert)
.\CortexM3\ARM_GCC_541\Debug\ReactionGame.a(ErikaOS_1_ee_startos.o)
                              .\CortexM3\ARM_GCC_541\Debug\main.o (EE_oo_StartOS)
.\CortexM3\ARM_GCC_541\Debug\ReactionGame.a(ErikaOS_1_ee_terminat.o)
                              .\CortexM3\ARM_GCC_541\Debug\main.o (EE_oo_TerminateTask)
.\CortexM3\ARM_GCC_541\Debug\ReactionGame.a(ErikaOS_1_cortex_mx_ee_utils.o)
                              .\CortexM3\ARM_GCC_541\Debug\main.o (EE_system_init)
.\CortexM3\ARM_GCC_541\Debug\ReactionGame.a(ErikaOS_1_common_ee_hal_structs.o)
                              .\CortexM3\ARM_GCC_541\Debug\ReactionGame.a(ErikaOS_1_ee_irqendin.o) (EE_std_endcycle_next_tid)
.\CortexM3\ARM_GCC_541\Debug\ReactionGame.a(ErikaOS_1_eecfg.o)
                              .\CortexM3\ARM_GCC_541\Debug\ReactionGame.a(ErikaOS_1_ee_startos.o) (EE_oo_autostart_task_data)
.\CortexM3\ARM_GCC_541\Debug\ReactionGame.a(UART_1.o)
                              .\CortexM3\ARM_GCC_541\Debug\main.o (UART_1_Start)
.\CortexM3\ARM_GCC_541\Debug\ReactionGame.a(UART_1_IntClock.o)
                              .\CortexM3\ARM_GCC_541\Debug\ReactionGame.a(UART_1.o) (UART_1_IntClock_Start)
.\CortexM3\ARM_GCC_541\Debug\ReactionGame.a(Pin_Button1.o)
                              .\CortexM3\ARM_GCC_541\Debug\button.o (Pin_Button1_Read)
.\CortexM3\ARM_GCC_541\Debug\ReactionGame.a(Pin_Button2.o)
                              .\CortexM3\ARM_GCC_541\Debug\button.o (Pin_Button2_Read)
.\CortexM3\ARM_GCC_541\Debug\ReactionGame.a(isr_Button.o)
                              .\CortexM3\ARM_GCC_541\Debug\button.o (isr_Button_StartEx)
.\CortexM3\ARM_GCC_541\Debug\ReactionGame.a(SEVSEG_DP.o)
                              .\CortexM3\ARM_GCC_541\Debug\seven.o (SEVSEG_DP_Write)
.\CortexM3\ARM_GCC_541\Debug\ReactionGame.a(Pin_SEVENSEL.o)
                              .\CortexM3\ARM_GCC_541\Debug\seven.o (Pin_SEVENSEL_Write)
.\CortexM3\ARM_GCC_541\Debug\ReactionGame.a(SEVENSEG_REG.o)
                              .\CortexM3\ARM_GCC_541\Debug\seven.o (SEVENSEG_REG_Write)
.\CortexM3\ARM_GCC_541\Debug\ReactionGame.a(PWM_LED_RED.o)
                              .\CortexM3\ARM_GCC_541\Debug\Fader.o (PWM_LED_RED_WriteCompare)
.\CortexM3\ARM_GCC_541\Debug\ReactionGame.a(PWM_LED_GREEN.o)
                              .\CortexM3\ARM_GCC_541\Debug\Fader.o (PWM_LED_GREEN_WriteCompare)
.\CortexM3\ARM_GCC_541\Debug\ReactionGame.a(PWM_LED_YELLOW.o)
[...]
Memory Configuration

Name             Origin             Length             Attributes
rom              0x00000000         0x00040000         xr
ram              0x1fff8000         0x00010000         xrw
*default*        0x00000000         0xffffffff

Linker script and memory map

LOAD c:/program files (x86)/cypress/psoc creator/4.4/psoc creator/import/gnu/arm/5.4.1/bin/../lib/gcc/arm-none-eabi/5.4.1/armv7-m/crti.o
LOAD c:/program files (x86)/cypress/psoc creator/4.4/psoc creator/import/gnu/arm/5.4.1/bin/../lib/gcc/arm-none-eabi/5.4.1/armv7-m/crtbegin.o
LOAD c:/program files (x86)/cypress/psoc creator/4.4/psoc creator/import/gnu/arm/5.4.1/bin/../lib/gcc/arm-none-eabi/5.4.1/../../../../arm-none-eabi/lib/armv7-m/crt0.o
START GROUP
LOAD .\CortexM3\ARM_GCC_541\Debug\main.o
LOAD .\CortexM3\ARM_GCC_541\Debug\Game.o
LOAD .\CortexM3\ARM_GCC_541\Debug\Fader.o
LOAD .\CortexM3\ARM_GCC_541\Debug\Glower.o
LOAD .\CortexM3\ARM_GCC_541\Debug\button.o
LOAD .\CortexM3\ARM_GCC_541\Debug\led.o
LOAD .\CortexM3\ARM_GCC_541\Debug\seven.o
LOAD .\CortexM3\ARM_GCC_541\Debug\cyfitter_cfg.o
LOAD .\CortexM3\ARM_GCC_541\Debug\cymetadata.o
LOAD .\CortexM3\ARM_GCC_541\Debug\Cm3Start.o
LOAD .\CortexM3\ARM_GCC_541\Debug\ReactionGame.a
LOAD C:\Program Files (x86)\Cypress\PSoC Creator\4.4\PSoC Creator\psoc\content\cycomponentlibrary\CyComponentLibrary.cylib\CortexM3\ARM_GCC_541\Debug\CyComponentLibrary.a
END GROUP
START GROUP
LOAD c:/program files (x86)/cypress/psoc creator/4.4/psoc creator/import/gnu/arm/5.4.1/bin/../lib/gcc/arm-none-eabi/5.4.1/armv7-m\libgcc.a
LOAD c:/program files (x86)/cypress/psoc creator/4.4/psoc creator/import/gnu/arm/5.4.1/bin/../lib/gcc/arm-none-eabi/5.4.1/../../../../arm-none-eabi/lib/armv7-m\libg_nano.a
LOAD c:/program files (x86)/cypress/psoc creator/4.4/psoc creator/import/gnu/arm/5.4.1/bin/../lib/gcc/arm-none-eabi/5.4.1/../../../../arm-none-eabi/lib/armv7-m\libc_nano.a
END GROUP
START GROUP
LOAD c:/program files (x86)/cypress/psoc creator/4.4/psoc creator/import/gnu/arm/5.4.1/bin/../lib/gcc/arm-none-eabi/5.4.1/armv7-m\libgcc.a
LOAD c:/program files (x86)/cypress/psoc creator/4.4/psoc creator/import/gnu/arm/5.4.1/bin/../lib/gcc/arm-none-eabi/5.4.1/../../../../arm-none-eabi/lib/armv7-m\libc_nano.a
END GROUP
LOAD c:/program files (x86)/cypress/psoc creator/4.4/psoc creator/import/gnu/arm/5.4.1/bin/../lib/gcc/arm-none-eabi/5.4.1/armv7-m/crtend.o
LOAD c:/program files (x86)/cypress/psoc creator/4.4/psoc creator/import/gnu/arm/5.4.1/bin/../lib/gcc/arm-none-eabi/5.4.1/armv7-m/crtn.o
START GROUP
LOAD c:/program files (x86)/cypress/psoc creator/4.4/psoc creator/import/gnu/arm/5.4.1/bin/../lib/gcc/arm-none-eabi/5.4.1/armv7-m\libgcc.a
LOAD c:/program files (x86)/cypress/psoc creator/4.4/psoc creator/import/gnu/arm/5.4.1/bin/../lib/gcc/arm-none-eabi/5.4.1/../../../../arm-none-eabi/lib/armv7-m\libc.a
LOAD c:/program files (x86)/cypress/psoc creator/4.4/psoc creator/import/gnu/arm/5.4.1/bin/../lib/gcc/arm-none-eabi/5.4.1/../../../../arm-none-eabi/lib/armv7-m\libnosys.a
END GROUP
                0x00000000                CY_APPL_ORIGIN = 0x0
                0x00000100                CY_FLASH_ROW_SIZE = 0x100
                0x00000020                CY_ECC_ROW_SIZE = 0x20
                0x00000000                CY_EE_IN_BTLDR = 0x0
                0x00000000                CY_APPL_LOADABLE = 0x0
                0x00000800                CY_EE_SIZE = 0x800
                0x00000001                CY_APPL_NUM = 0x1
                0x00000001                CY_APPL_MAX = 0x1
                0x00000040                CY_METADATA_SIZE = 0x40
                0x00000000                CY_APPL_LOADABLE = 0x0
                0x00000000                CY_CHECKSUM_EXCLUDE_SIZE = ALIGN (0x0, CY_FLASH_ROW_SIZE)
                [!provide]                PROVIDE (__cy_heap_start, _end)
                0x00000001                PROVIDE (__cy_region_num, ((__cy_regions_end - __cy_regions) / 0x10))
                0x20008000                PROVIDE (__cy_stack, (ORIGIN (ram) + LENGTH (ram)))
                [!provide]                PROVIDE (__cy_heap_end, (__cy_stack - 0x800))

.cybootloader   0x00000000        0x0
 *(.cybootloader)
                0x00000000                appl1_start = CY_APPL_ORIGIN?CY_APPL_ORIGIN:ALIGN (CY_FLASH_ROW_SIZE)
                0x0001ff00                appl2_start = (appl1_start + ALIGN ((((LENGTH (rom) - appl1_start) - (0x2 * CY_FLASH_ROW_SIZE)) / 0x2), CY_FLASH_ROW_SIZE))
                0x00000000                appl_start = (CY_APPL_NUM == 0x1)?appl1_start:appl2_start
                0x00000000                ecc_offset = ((appl_start / CY_FLASH_ROW_SIZE) * CY_ECC_ROW_SIZE)
                0x00000000                ee_offset = (CY_APPL_LOADABLE && ! (CY_EE_IN_BTLDR))?((CY_EE_SIZE / CY_APPL_MAX) * (CY_APPL_NUM - 0x1)):0x0
                0x00000800                ee_size = (CY_APPL_LOADABLE && ! (CY_EE_IN_BTLDR))?(CY_EE_SIZE / CY_APPL_MAX):CY_EE_SIZE
                [!provide]                PROVIDE (CY_ECC_OFFSET, ecc_offset)

.text           0x00000000     0x2642
 CREATE_OBJECT_SYMBOLS
                0x00000000                PROVIDE (__cy_interrupt_vector, RomVectors)
 *(.romvectors)
 .romvectors    0x00000000       0x10 .\CortexM3\ARM_GCC_541\Debug\Cm3Start.o
                0x00000000                RomVectors
                0x00000001                ASSERT ((. != __cy_interrupt_vector), No interrupt vector)
                0x00000001                ASSERT (CY_APPL_ORIGIN?(SIZEOF (.cybootloader) <= CY_APPL_ORIGIN):0x1, Wrong image location)
                0x00000010                PROVIDE (__cy_reset, Reset)
 *(.text.Reset)
 .text.Reset    0x00000010       0x18 .\CortexM3\ARM_GCC_541\Debug\Cm3Start.o
                0x00000010                Reset
                0x00000001                ASSERT ((. != __cy_reset), No reset code)
 *(.dma_init)
                0x00000001                ASSERT ((((appl_start + .) <= 0x10000) || 0x1), DMA Init must be within the first 64k of flash)
 *(.text .text.* .gnu.linkonce.t.*)
 .text          0x00000028       0x5c c:/program files (x86)/cypress/psoc creator/4.4/psoc creator/import/gnu/arm/5.4.1/bin/../lib/gcc/arm-none-eabi/5.4.1/armv7-m/crtbegin.o
 .text.ISR2_systick_handler
                0x00000084        0xc .\CortexM3\ARM_GCC_541\Debug\main.o
                0x00000084                ISR2_systick_handler
 .text.systick_handler
                0x00000090       0x98 .\CortexM3\ARM_GCC_541\Debug\main.o
                0x00000090                systick_handler
 .text.main     0x00000128       0x30 .\CortexM3\ARM_GCC_541\Debug\main.o
                0x00000128                main
 .text.Functsk_init
                0x00000158       0x5c .\CortexM3\ARM_GCC_541\Debug\main.o
                0x00000158                Functsk_init
 .text.Functsk_Game
                0x000001b4       0x34 .\CortexM3\ARM_GCC_541\Debug\main.o
                0x000001b4                Functsk_Game
 .text.Functsk_timer
                0x000001e8       0x14 .\CortexM3\ARM_GCC_541\Debug\main.o
                0x000001e8                Functsk_timer
 .text.Functsk_fader
                0x000001fc        0xc .\CortexM3\ARM_GCC_541\Debug\main.o
                0x000001fc                Functsk_fader
 .text.Functsk_glower
                0x00000208        0xc .\CortexM3\ARM_GCC_541\Debug\main.o
                0x00000208                Functsk_glower
 .text.ISR2_isr_Button
                0x00000214       0x1c .\CortexM3\ARM_GCC_541\Debug\main.o
                0x00000214                ISR2_isr_Button
 .text.isr_Button
                0x00000230       0x98 .\CortexM3\ARM_GCC_541\Debug\main.o
                0x00000230                isr_Button
 .text.Functsk_background
                0x000002c8        0x4 .\CortexM3\ARM_GCC_541\Debug\main.o
                0x000002c8                Functsk_background
 .text.GAME_generate_randomDelay
                0x000002cc       0x2c .\CortexM3\ARM_GCC_541\Debug\Game.o
                0x000002cc                GAME_generate_randomDelay
 .text.GAME_DisplayRandomNumber
                0x000002f8       0x2c .\CortexM3\ARM_GCC_541\Debug\Game.o
                0x000002f8                GAME_DisplayRandomNumber
 .text.Check_CorrectButton
                0x00000324       0x38 .\CortexM3\ARM_GCC_541\Debug\Game.o
                0x00000324                Check_CorrectButton
 .text.GAME_Start
                0x0000035c      0x158 .\CortexM3\ARM_GCC_541\Debug\Game.o
                0x0000035c                GAME_Start
 .text.Game_Rounds
                0x000004b4        0xc .\CortexM3\ARM_GCC_541\Debug\Game.o
                0x000004b4                Game_Rounds
 .text.LED_FADER
                0x000004c0       0x98 .\CortexM3\ARM_GCC_541\Debug\Fader.o
                0x000004c0                LED_FADER
 .text.RGB_GLOW_t
                0x00000558       0x64 .\CortexM3\ARM_GCC_541\Debug\Glower.o
                0x00000558                RGB_GLOW_t
 .text.BUTTON_IsPressed
                0x000005bc       0x34 .\CortexM3\ARM_GCC_541\Debug\button.o
                0x000005bc                BUTTON_IsPressed
 .text.LED_Init
                0x000005f0       0x14 .\CortexM3\ARM_GCC_541\Debug\led.o
                0x000005f0                LED_Init
 .text.SEVEN_SEGWRITE
                0x00000604       0x34 .\CortexM3\ARM_GCC_541\Debug\seven.o
                0x00000604                SEVEN_SEGWRITE
 .text.SEVEN_SEGClear
                0x00000638       0x10 .\CortexM3\ARM_GCC_541\Debug\seven.o
                0x00000638                SEVEN_SEGClear
 .text.SEVEN_Init
                0x00000648       0x14 .\CortexM3\ARM_GCC_541\Debug\seven.o
                0x00000648                SEVEN_Init
 .text.CyClockStartupError
                0x0000065c        0x4 .\CortexM3\ARM_GCC_541\Debug\cyfitter_cfg.o
 .text.cfg_write_bytes32
                0x00000660       0x34 .\CortexM3\ARM_GCC_541\Debug\cyfitter_cfg.o
 .text.AnalogSetDefault
                0x00000694       0x28 .\CortexM3\ARM_GCC_541\Debug\cyfitter_cfg.o
 .text.CYMEMZERO
                0x000006bc        0xc .\CortexM3\ARM_GCC_541\Debug\cyfitter_cfg.o
 .text.ClockSetup
                0x000006c8       0xc8 .\CortexM3\ARM_GCC_541\Debug\cyfitter_cfg.o
 .text.CYCONFIGCPY
                0x00000790        0x8 .\CortexM3\ARM_GCC_541\Debug\cyfitter_cfg.o
 .text.cyfitter_cfg
                0x00000798      0x104 .\CortexM3\ARM_GCC_541\Debug\cyfitter_cfg.o
                0x00000798                cyfitter_cfg
 .text.IntDefaultHandler
                0x0000089c       0x10 .\CortexM3\ARM_GCC_541\Debug\Cm3Start.o
                0x0000089c                IntDefaultHandler
 .text._sbrk    0x000008ac       0x30 .\CortexM3\ARM_GCC_541\Debug\Cm3Start.o
                0x000008ac                _sbrk
 .text.Start_c  0x000008dc       0x4c .\CortexM3\ARM_GCC_541\Debug\Cm3Start.o
                0x000008dc                Start_c
 .text.initialize_psoc
                0x00000928       0x68 .\CortexM3\ARM_GCC_541\Debug\Cm3Start.o
                0x00000928                initialize_psoc
 .text.CyHalt   0x00000990        0x4 .\CortexM3\ARM_GCC_541\Debug\ReactionGame.a(CyLib.o)
                0x00000990                CyHalt
 .text.CyIntSetPriority
                0x00000994       0x30 .\CortexM3\ARM_GCC_541\Debug\ReactionGame.a(CyLib.o)
                0x00000994                CyIntSetPriority
 .text.CySysTickGetValue
                0x000009c4       0x10 .\CortexM3\ARM_GCC_541\Debug\ReactionGame.a(CyLib.o)
                0x000009c4                CySysTickGetValue
 .text.EE_oo_ActivateTask
                0x000009d4       0xe8 .\CortexM3\ARM_GCC_541\Debug\ReactionGame.a(ErikaOS_1_ee_activate.o)
                0x000009d4                EE_oo_ActivateTask
 .text.EE_oo_CancelAlarm
                0x00000abc       0xa4 .\CortexM3\ARM_GCC_541\Debug\ReactionGame.a(ErikaOS_1_ee_alcancel.o)
                0x00000abc                EE_oo_CancelAlarm
 .text.EE_oo_SetRelAlarm
                0x00000b60       0x80 .\CortexM3\ARM_GCC_541\Debug\ReactionGame.a(ErikaOS_1_ee_alsetrel.o)
                0x00000b60                EE_oo_SetRelAlarm
 .text.EE_oo_handle_action_callback
                0x00000be0        0xc .\CortexM3\ARM_GCC_541\Debug\ReactionGame.a(ErikaOS_1_ee_altick.o)
 .text.EE_oo_handle_action_task
                0x00000bec       0x4c .\CortexM3\ARM_GCC_541\Debug\ReactionGame.a(ErikaOS_1_ee_altick.o)
 .text.EE_oo_handle_action_event
                0x00000c38       0x60 .\CortexM3\ARM_GCC_541\Debug\ReactionGame.a(ErikaOS_1_ee_altick.o)
 .text.EE_oo_handle_action
                0x00000c98       0x28 .\CortexM3\ARM_GCC_541\Debug\ReactionGame.a(ErikaOS_1_ee_altick.o)
 .text.EE_oo_counter_object_insert
                0x00000cc0       0x9c .\CortexM3\ARM_GCC_541\Debug\ReactionGame.a(ErikaOS_1_ee_altick.o)
                0x00000cc0                EE_oo_counter_object_insert
 .text.EE_oo_IncrementCounterImplementation
                0x00000d5c      0x100 .\CortexM3\ARM_GCC_541\Debug\ReactionGame.a(ErikaOS_1_ee_altick.o)
                0x00000d5c                EE_oo_IncrementCounterImplementation
 .text.EE_oo_IncrementCounter
                0x00000e5c       0xb0 .\CortexM3\ARM_GCC_541\Debug\ReactionGame.a(ErikaOS_1_ee_altick.o)
                0x00000e5c                EE_oo_IncrementCounter
 .text.EE_oo_ClearEvent
                0x00000f0c       0x5c .\CortexM3\ARM_GCC_541\Debug\ReactionGame.a(ErikaOS_1_ee_evclear.o)
                0x00000f0c                EE_oo_ClearEvent
 .text.EE_oo_GetEvent
                0x00000f68       0x40 .\CortexM3\ARM_GCC_541\Debug\ReactionGame.a(ErikaOS_1_ee_evget.o)
                0x00000f68                EE_oo_GetEvent
 .text.EE_oo_SetEvent
                0x00000fa8      0x100 .\CortexM3\ARM_GCC_541\Debug\ReactionGame.a(ErikaOS_1_ee_evset.o)
                0x00000fa8                EE_oo_SetEvent
 .text.EE_oo_WaitEvent
                0x000010a8      0x110 .\CortexM3\ARM_GCC_541\Debug\ReactionGame.a(ErikaOS_1_ee_evwait.o)
                0x000010a8                EE_oo_WaitEvent
 .text.EE_IRQ_run_next_task
                0x000011b8       0x30 .\CortexM3\ARM_GCC_541\Debug\ReactionGame.a(ErikaOS_1_ee_irqendin.o)
 .text.EE_IRQ_end_instance
                0x000011e8       0x68 .\CortexM3\ARM_GCC_541\Debug\ReactionGame.a(ErikaOS_1_ee_irqendin.o)
                0x000011e8                EE_IRQ_end_instance
 .text.EE_IRQ_end_post_stub
                0x00001250       0x14 .\CortexM3\ARM_GCC_541\Debug\ReactionGame.a(ErikaOS_1_ee_irqendin.o)
                0x00001250                EE_IRQ_end_post_stub
 .text.EE_rq2stk_exchange
                0x00001264       0x88 .\CortexM3\ARM_GCC_541\Debug\ReactionGame.a(ErikaOS_1_ee_rq_exchg.o)
                0x00001264                EE_rq2stk_exchange
 .text.EE_rq_queryfirst
                0x000012ec       0x44 .\CortexM3\ARM_GCC_541\Debug\ReactionGame.a(ErikaOS_1_ee_rq_first.o)
                0x000012ec                EE_rq_queryfirst
 .text.EE_rq_insert
                0x00001330       0x74 .\CortexM3\ARM_GCC_541\Debug\ReactionGame.a(ErikaOS_1_ee_rq_inser.o)
                0x00001330                EE_rq_insert
 .text.compute_task_tid
                0x000013a4       0x10 .\CortexM3\ARM_GCC_541\Debug\ReactionGame.a(ErikaOS_1_ee_startos.o)
 .text.EE_oo_start_os
                0x000013b4        0xc .\CortexM3\ARM_GCC_541\Debug\ReactionGame.a(ErikaOS_1_ee_startos.o)
 .text.EE_oo_autostart_tasks
                0x000013c0       0x60 .\CortexM3\ARM_GCC_541\Debug\ReactionGame.a(ErikaOS_1_ee_startos.o)
 .text.EE_oo_autostart_os
                0x00001420        0xc .\CortexM3\ARM_GCC_541\Debug\ReactionGame.a(ErikaOS_1_ee_startos.o)
 .text.EE_oo_StartOS
                0x0000142c       0x8c .\CortexM3\ARM_GCC_541\Debug\ReactionGame.a(ErikaOS_1_ee_startos.o)
                0x0000142c                EE_oo_StartOS
 .text.EE_oo_TerminateTask
                0x000014b8       0x3c .\CortexM3\ARM_GCC_541\Debug\ReactionGame.a(ErikaOS_1_ee_terminat.o)
                0x000014b8                EE_oo_TerminateTask
 .text.EE_system_init
                0x000014f4       0x48 .\CortexM3\ARM_GCC_541\Debug\ReactionGame.a(ErikaOS_1_cortex_mx_ee_utils.o)
                0x000014f4                EE_system_init
 .text.UART_1_Init
                0x0000153c       0x2c .\CortexM3\ARM_GCC_541\Debug\ReactionGame.a(UART_1.o)
                0x0000153c                UART_1_Init
 .text.UART_1_Enable
                0x00001568       0x38 .\CortexM3\ARM_GCC_541\Debug\ReactionGame.a(UART_1.o)
                0x00001568                UART_1_Enable
 .text.UART_1_Start
                0x000015a0       0x1c .\CortexM3\ARM_GCC_541\Debug\ReactionGame.a(UART_1.o)
                0x000015a0                UART_1_Start
 .text.UART_1_PutChar
                0x000015bc       0x18 .\CortexM3\ARM_GCC_541\Debug\ReactionGame.a(UART_1.o)
                0x000015bc                UART_1_PutChar
 .text.UART_1_PutString
                0x000015d4       0x24 .\CortexM3\ARM_GCC_541\Debug\ReactionGame.a(UART_1.o)
                0x000015d4                UART_1_PutString
 .text.UART_1_IntClock_Start
                0x000015f8       0x1c .\CortexM3\ARM_GCC_541\Debug\ReactionGame.a(UART_1_IntClock.o)
                0x000015f8                UART_1_IntClock_Start
 .text.Pin_Button1_Read
                0x00001614       0x10 .\CortexM3\ARM_GCC_541\Debug\ReactionGame.a(Pin_Button1.o)
                0x00001614                Pin_Button1_Read
 .text.Pin_Button2_Read
                0x00001624       0x10 .\CortexM3\ARM_GCC_541\Debug\ReactionGame.a(Pin_Button2.o)
                0x00001624                Pin_Button2_Read
 .text.Pin_SEVENSEL_Write
                0x00001634       0x18 .\CortexM3\ARM_GCC_541\Debug\ReactionGame.a(Pin_SEVENSEL.o)
                0x00001634                Pin_SEVENSEL_Write
 .text.SEVENSEG_REG_Write
                0x0000164c        0xc .\CortexM3\ARM_GCC_541\Debug\ReactionGame.a(SEVENSEG_REG.o)
                0x0000164c                SEVENSEG_REG_Write
 .text.PWM_LED_RED_Enable
                0x00001658       0x10 .\CortexM3\ARM_GCC_541\Debug\ReactionGame.a(PWM_LED_RED.o)
                0x00001658                PWM_LED_RED_Enable
 .text.PWM_LED_RED_WriteCounter
                0x00001668        0xc .\CortexM3\ARM_GCC_541\Debug\ReactionGame.a(PWM_LED_RED.o)
                0x00001668                PWM_LED_RED_WriteCounter
 .text.PWM_LED_RED_WritePeriod
                0x00001674        0xc .\CortexM3\ARM_GCC_541\Debug\ReactionGame.a(PWM_LED_RED.o)
                0x00001674                PWM_LED_RED_WritePeriod
 .text.PWM_LED_RED_WriteCompare
                0x00001680        0xc .\CortexM3\ARM_GCC_541\Debug\ReactionGame.a(PWM_LED_RED.o)
                0x00001680                PWM_LED_RED_WriteCompare
 .text.PWM_LED_RED_SetInterruptMode
                0x0000168c        0xc .\CortexM3\ARM_GCC_541\Debug\ReactionGame.a(PWM_LED_RED.o)
                0x0000168c                PWM_LED_RED_SetInterruptMode
 .text.PWM_LED_RED_ReadStatusRegister
                0x00001698        0xc .\CortexM3\ARM_GCC_541\Debug\ReactionGame.a(PWM_LED_RED.o)
                0x00001698                PWM_LED_RED_ReadStatusRegister
 .text.PWM_LED_RED_ReadCapture
                0x000016a4        0xc .\CortexM3\ARM_GCC_541\Debug\ReactionGame.a(PWM_LED_RED.o)
                0x000016a4                PWM_LED_RED_ReadCapture
 .text.PWM_LED_RED_ClearFIFO
                0x000016b0       0x14 .\CortexM3\ARM_GCC_541\Debug\ReactionGame.a(PWM_LED_RED.o)
                0x000016b0                PWM_LED_RED_ClearFIFO
 .text.PWM_LED_RED_Init
                0x000016c4       0x50 .\CortexM3\ARM_GCC_541\Debug\ReactionGame.a(PWM_LED_RED.o)
                0x000016c4                PWM_LED_RED_Init
 .text.PWM_LED_RED_Start
                0x00001714       0x1c .\CortexM3\ARM_GCC_541\Debug\ReactionGame.a(PWM_LED_RED.o)
                0x00001714                PWM_LED_RED_Start
 .text.PWM_LED_GREEN_Enable
                0x00001730       0x10 .\CortexM3\ARM_GCC_541\Debug\ReactionGame.a(PWM_LED_GREEN.o)
                0x00001730                PWM_LED_GREEN_Enable
 .text.PWM_LED_GREEN_WriteCounter
                0x00001740        0xc .\CortexM3\ARM_GCC_541\Debug\ReactionGame.a(PWM_LED_GREEN.o)
                0x00001740                PWM_LED_GREEN_WriteCounter
 .text.PWM_LED_GREEN_WritePeriod
                0x0000174c        0xc .\CortexM3\ARM_GCC_541\Debug\ReactionGame.a(PWM_LED_GREEN.o)
                0x0000174c                PWM_LED_GREEN_WritePeriod
 .text.PWM_LED_GREEN_WriteCompare
                0x00001758        0xc .\CortexM3\ARM_GCC_541\Debug\ReactionGame.a(PWM_LED_GREEN.o)
                0x00001758                PWM_LED_GREEN_WriteCompare
 .text.PWM_LED_GREEN_SetInterruptMode
                0x00001764        0xc .\CortexM3\ARM_GCC_541\Debug\ReactionGame.a(PWM_LED_GREEN.o)
                0x00001764                PWM_LED_GREEN_SetInterruptMode
 .text.PWM_LED_GREEN_ReadStatusRegister
                0x00001770        0xc .\CortexM3\ARM_GCC_541\Debug\ReactionGame.a(PWM_LED_GREEN.o)
                0x00001770                PWM_LED_GREEN_ReadStatusRegister
 .text.PWM_LED_GREEN_ReadCapture
                0x0000177c        0xc .\CortexM3\ARM_GCC_541\Debug\ReactionGame.a(PWM_LED_GREEN.o)
                0x0000177c                PWM_LED_GREEN_ReadCapture
 .text.PWM_LED_GREEN_ClearFIFO
                0x00001788       0x14 .\CortexM3\ARM_GCC_541\Debug\ReactionGame.a(PWM_LED_GREEN.o)
                0x00001788                PWM_LED_GREEN_ClearFIFO
 .text.PWM_LED_GREEN_Init
                0x0000179c       0x50 .\CortexM3\ARM_GCC_541\Debug\ReactionGame.a(PWM_LED_GREEN.o)
                0x0000179c                PWM_LED_GREEN_Init
 .text.PWM_LED_GREEN_Start
                0x000017ec       0x1c .\CortexM3\ARM_GCC_541\Debug\ReactionGame.a(PWM_LED_GREEN.o)
                0x000017ec                PWM_LED_GREEN_Start
 .text.PWM_LED_YELLOW_Enable
                0x00001808       0x10 .\CortexM3\ARM_GCC_541\Debug\ReactionGame.a(PWM_LED_YELLOW.o)
                0x00001808                PWM_LED_YELLOW_Enable
 .text.PWM_LED_YELLOW_WriteCounter
                0x00001818        0xc .\CortexM3\ARM_GCC_541\Debug\ReactionGame.a(PWM_LED_YELLOW.o)
                0x00001818                PWM_LED_YELLOW_WriteCounter
 .text.PWM_LED_YELLOW_WritePeriod
                0x00001824        0xc .\CortexM3\ARM_GCC_541\Debug\ReactionGame.a(PWM_LED_YELLOW.o)
                0x00001824                PWM_LED_YELLOW_WritePeriod
 .text.PWM_LED_YELLOW_WriteCompare
                0x00001830        0xc .\CortexM3\ARM_GCC_541\Debug\ReactionGame.a(PWM_LED_YELLOW.o)
                0x00001830                PWM_LED_YELLOW_WriteCompare
 .text.PWM_LED_YELLOW_SetInterruptMode
                0x0000183c        0xc .\CortexM3\ARM_GCC_541\Debug\ReactionGame.a(PWM_LED_YELLOW.o)
                0x0000183c                PWM_LED_YELLOW_SetInterruptMode
 .text.PWM_LED_YELLOW_ReadStatusRegister
                0x00001848        0xc .\CortexM3\ARM_GCC_541\Debug\ReactionGame.a(PWM_LED_YELLOW.o)
                0x00001848                PWM_LED_YELLOW_ReadStatusRegister
 .text.PWM_LED_YELLOW_ReadCapture
                0x00001854        0xc .\CortexM3\ARM_GCC_541\Debug\ReactionGame.a(PWM_LED_YELLOW.o)
                0x00001854                PWM_LED_YELLOW_ReadCapture
 .text.PWM_LED_YELLOW_ClearFIFO
                0x00001860       0x14 .\CortexM3\ARM_GCC_541\Debug\ReactionGame.a(PWM_LED_YELLOW.o)
                0x00001860                PWM_LED_YELLOW_ClearFIFO
 .text.PWM_LED_YELLOW_Init
                0x00001874       0x50 .\CortexM3\ARM_GCC_541\Debug\ReactionGame.a(PWM_LED_YELLOW.o)
                0x00001874                PWM_LED_YELLOW_Init
 .text.PWM_LED_YELLOW_Start
                0x000018c4       0x1c .\CortexM3\ARM_GCC_541\Debug\ReactionGame.a(PWM_LED_YELLOW.o)
                0x000018c4                PWM_LED_YELLOW_Start
 .text.Clock_PWM_Start
                0x000018e0       0x1c .\CortexM3\ARM_GCC_541\Debug\ReactionGame.a(Clock_PWM.o)
                0x000018e0                Clock_PWM_Start
 .text.Pin_RGB_RED_Write
                0x000018fc       0x18 .\CortexM3\ARM_GCC_541\Debug\ReactionGame.a(Pin_RGB_RED.o)
                0x000018fc                Pin_RGB_RED_Write
 .text.Pin_RGB_GREEN_Write
                0x00001914       0x18 .\CortexM3\ARM_GCC_541\Debug\ReactionGame.a(Pin_RGB_GREEN.o)
                0x00001914                Pin_RGB_GREEN_Write
 .text.Pin_RGB_BLUE_Write
                0x0000192c       0x18 .\CortexM3\ARM_GCC_541\Debug\ReactionGame.a(Pin_RGB_BLUE.o)
                0x0000192c                Pin_RGB_BLUE_Write
 *fill*         0x00001944        0x4 
 .text          0x00001948       0x20 .\CortexM3\ARM_GCC_541\Debug\ReactionGame.a(CyBootAsmGnu.o)
                0x00001948                CyDelayCycles
                0x00001958                CyEnterCriticalSection
                0x00001960                CyExitCriticalSection
 .text          0x00001968       0x7c .\CortexM3\ARM_GCC_541\Debug\ReactionGame.a(ErikaOS_1_ee_gnu_change_context_isr.o)
                0x00001968                EE_set_switch_context_pri
                0x00001982                EE_switch_context
                0x0000198c                EE_cortex_mx_pendsv_ISR
                0x000019c8                EE_cortex_mx_svc_ISR
 .text          0x000019e4       0x24 .\CortexM3\ARM_GCC_541\Debug\ReactionGame.a(ErikaOS_1_ee_gnu_irq_stack.o)
                0x000019e4                EE_cortex_mx_change_IRQ_stack
                0x000019f6                EE_cortex_mx_change_IRQ_stack_back
 .text          0x00001a08       0x68 .\CortexM3\ARM_GCC_541\Debug\ReactionGame.a(ErikaOS_1_ee_gnu_multi_context.o)
                0x00001a08                EE_cortex_mx_change_context
 .text          0x00001a70       0x80 .\CortexM3\ARM_GCC_541\Debug\ReactionGame.a(ErikaOS_1_ee_gnu_oo.o)
                0x00001a70                EE_hal_terminate_savestk
                0x00001aba                EE_hal_terminate_task
 .text.EE_thread_not_terminated
                0x00001af0       0x10 .\CortexM3\ARM_GCC_541\Debug\ReactionGame.a(ErikaOS_1_ee_tnterm.o)
                0x00001af0                EE_thread_not_terminated
 .text.EE_oo_thread_stub
                0x00001b00       0x10 .\CortexM3\ARM_GCC_541\Debug\ReactionGame.a(ErikaOS_1_ee_tstub.o)
                0x00001b00                EE_oo_thread_stub
 .text.EE_std_run_task_code
                0x00001b10       0x18 .\CortexM3\ARM_GCC_541\Debug\ReactionGame.a(ErikaOS_1_cortex_mx_ee_context.o)
                0x00001b10                EE_std_run_task_code
 .text.EE_std_need_context_change
                0x00001b28       0x28 .\CortexM3\ARM_GCC_541\Debug\ReactionGame.a(ErikaOS_1_cortex_mx_ee_context.o)
                0x00001b28                EE_std_need_context_change
 .text.EE_thread_rnact_max
                0x00001b50       0x20 .\CortexM3\ARM_GCC_541\Debug\ReactionGame.a(ErikaOS_1_ee_thendin.o)
 .text.EE_thread_endcycle_next
                0x00001b70       0x30 .\CortexM3\ARM_GCC_541\Debug\ReactionGame.a(ErikaOS_1_ee_thendin.o)
 .text.EE_thread_end_instance
                0x00001ba0      0x108 .\CortexM3\ARM_GCC_541\Debug\ReactionGame.a(ErikaOS_1_ee_thendin.o)
                0x00001ba0                EE_thread_end_instance
 .text.__errno  0x00001ca8        0xc c:/program files (x86)/cypress/psoc creator/4.4/psoc creator/import/gnu/arm/5.4.1/bin/../lib/gcc/arm-none-eabi/5.4.1/../../../../arm-none-eabi/lib/armv7-m\libg_nano.a(lib_a-errno.o)
                0x00001ca8                __errno
 .text.__libc_init_array
                0x00001cb4       0x4c c:/program files (x86)/cypress/psoc creator/4.4/psoc creator/import/gnu/arm/5.4.1/bin/../lib/gcc/arm-none-eabi/5.4.1/../../../../arm-none-eabi/lib/armv7-m\libg_nano.a(lib_a-init.o)
                0x00001cb4                __libc_init_array
 .text.memcpy   0x00001d00       0x16 c:/program files (x86)/cypress/psoc creator/4.4/psoc creator/import/gnu/arm/5.4.1/bin/../lib/gcc/arm-none-eabi/5.4.1/../../../../arm-none-eabi/lib/armv7-m\libg_nano.a(lib_a-memcpy-stub.o)
                0x00001d00                memcpy
 .text.memset   0x00001d16       0x10 c:/program files (x86)/cypress/psoc creator/4.4/psoc creator/import/gnu/arm/5.4.1/bin/../lib/gcc/arm-none-eabi/5.4.1/../../../../arm-none-eabi/lib/armv7-m\libg_nano.a(lib_a-memset.o)
                0x00001d16                memset
 *fill*         0x00001d26        0x2 
 .text.srand    0x00001d28       0x50 c:/program files (x86)/cypress/psoc creator/4.4/psoc creator/import/gnu/arm/5.4.1/bin/../lib/gcc/arm-none-eabi/5.4.1/../../../../arm-none-eabi/lib/armv7-m\libg_nano.a(lib_a-rand.o)
                0x00001d28                srand
 .text.rand     0x00001d78       0x74 c:/program files (x86)/cypress/psoc creator/4.4/psoc creator/import/gnu/arm/5.4.1/bin/../lib/gcc/arm-none-eabi/5.4.1/../../../../arm-none-eabi/lib/armv7-m\libg_nano.a(lib_a-rand.o)
                0x00001d78                rand
 .text.sprintf  0x00001dec       0x48 c:/program files (x86)/cypress/psoc creator/4.4/psoc creator/import/gnu/arm/5.4.1/bin/../lib/gcc/arm-none-eabi/5.4.1/../../../../arm-none-eabi/lib/armv7-m\libg_nano.a(lib_a-sprintf.o)
                0x00001dec                siprintf
                0x00001dec                sprintf
 .text.malloc   0x00001e34       0x10 c:/program files (x86)/cypress/psoc creator/4.4/psoc creator/import/gnu/arm/5.4.1/bin/../lib/gcc/arm-none-eabi/5.4.1/../../../../arm-none-eabi/lib/armv7-m\libg_nano.a(lib_a-malloc.o)
                0x00001e34                malloc
 .text._free_r  0x00001e44       0x98 c:/program files (x86)/cypress/psoc creator/4.4/psoc creator/import/gnu/arm/5.4.1/bin/../lib/gcc/arm-none-eabi/5.4.1/../../../../arm-none-eabi/lib/armv7-m\libg_nano.a(lib_a-nano-freer.o)
                0x00001e44                _free_r
 .text._malloc_r
                0x00001edc       0xbc c:/program files (x86)/cypress/psoc creator/4.4/psoc creator/import/gnu/arm/5.4.1/bin/../lib/gcc/arm-none-eabi/5.4.1/../../../../arm-none-eabi/lib/armv7-m\libg_nano.a(lib_a-nano-mallocr.o)
                0x00001edc                _malloc_r
 .text.__ssputs_r
                0x00001f98       0xb2 c:/program files (x86)/cypress/psoc creator/4.4/psoc creator/import/gnu/arm/5.4.1/bin/../lib/gcc/arm-none-eabi/5.4.1/../../../../arm-none-eabi/lib/armv7-m\libg_nano.a(lib_a-nano-svfprintf.o)
                0x00001f98                __ssputs_r
 *fill*         0x0000204a        0x2 
 .text._svfprintf_r
                0x0000204c      0x1e8 c:/program files (x86)/cypress/psoc creator/4.4/psoc creator/import/gnu/arm/5.4.1/bin/../lib/gcc/arm-none-eabi/5.4.1/../../../../arm-none-eabi/lib/armv7-m\libg_nano.a(lib_a-nano-svfprintf.o)
                0x0000204c                _svfiprintf_r
                0x0000204c                _svfprintf_r
 .text._printf_common
                0x00002234       0xec c:/program files (x86)/cypress/psoc creator/4.4/psoc creator/import/gnu/arm/5.4.1/bin/../lib/gcc/arm-none-eabi/5.4.1/../../../../arm-none-eabi/lib/armv7-m\libg_nano.a(lib_a-nano-vfprintf_i.o)
                0x00002234                _printf_common
 .text._printf_i
                0x00002320      0x24c c:/program files (x86)/cypress/psoc creator/4.4/psoc creator/import/gnu/arm/5.4.1/bin/../lib/gcc/arm-none-eabi/5.4.1/../../../../arm-none-eabi/lib/armv7-m\libg_nano.a(lib_a-nano-vfprintf_i.o)
                0x00002320                _printf_i
 .text._sbrk_r  0x0000256c       0x20 c:/program files (x86)/cypress/psoc creator/4.4/psoc creator/import/gnu/arm/5.4.1/bin/../lib/gcc/arm-none-eabi/5.4.1/../../../../arm-none-eabi/lib/armv7-m\libg_nano.a(lib_a-sbrkr.o)
                0x0000256c                _sbrk_r
 .text.memchr   0x0000258c       0x1c c:/program files (x86)/cypress/psoc creator/4.4/psoc creator/import/gnu/arm/5.4.1/bin/../lib/gcc/arm-none-eabi/5.4.1/../../../../arm-none-eabi/lib/armv7-m\libg_nano.a(lib_a-memchr-stub.o)
                0x0000258c                memchr
 .text.memmove  0x000025a8       0x36 c:/program files (x86)/cypress/psoc creator/4.4/psoc creator/import/gnu/arm/5.4.1/bin/../lib/gcc/arm-none-eabi/5.4.1/../../../../arm-none-eabi/lib/armv7-m\libg_nano.a(lib_a-memmove.o)
                0x000025a8                memmove
 .text.__malloc_lock
                0x000025de        0x2 c:/program files (x86)/cypress/psoc creator/4.4/psoc creator/import/gnu/arm/5.4.1/bin/../lib/gcc/arm-none-eabi/5.4.1/../../../../arm-none-eabi/lib/armv7-m\libg_nano.a(lib_a-mlock.o)
                0x000025de                __malloc_lock
 .text.__malloc_unlock
                0x000025e0        0x2 c:/program files (x86)/cypress/psoc creator/4.4/psoc creator/import/gnu/arm/5.4.1/bin/../lib/gcc/arm-none-eabi/5.4.1/../../../../arm-none-eabi/lib/armv7-m\libg_nano.a(lib_a-mlock.o)
                0x000025e0                __malloc_unlock
 .text._realloc_r
                0x000025e2       0x4c c:/program files (x86)/cypress/psoc creator/4.4/psoc creator/import/gnu/arm/5.4.1/bin/../lib/gcc/arm-none-eabi/5.4.1/../../../../arm-none-eabi/lib/armv7-m\libg_nano.a(lib_a-nano-reallocr.o)
                0x000025e2                _realloc_r
 .text._malloc_usable_size_r
                0x0000262e       0x14 c:/program files (x86)/cypress/psoc creator/4.4/psoc creator/import/gnu/arm/5.4.1/bin/../lib/gcc/arm-none-eabi/5.4.1/../../../../arm-none-eabi/lib/armv7-m\libg_nano.a(lib_a-nano-msizer.o)
                0x0000262e                _malloc_usable_size_r
 *(.plt)
 *(.gnu.warning)
 *(.glue_7t)
 .glue_7t       0x00002642        0x0 linker stubs
 *(.glue_7)
 .glue_7        0x00002642        0x0 linker stubs
 *(.vfp11_veneer)
 .vfp11_veneer  0x00002642        0x0 linker stubs
 *(.bootloader)
 *(.ARM.extab* .gnu.linkonce.armextab.*)
 *(.gcc_except_table)

.v4_bx          0x00002644        0x0
 .v4_bx         0x00002644        0x0 linker stubs

.iplt           0x00002644        0x0
 .iplt          0x00002644        0x0 c:/program files (x86)/cypress/psoc creator/4.4/psoc creator/import/gnu/arm/5.4.1/bin/../lib/gcc/arm-none-eabi/5.4.1/armv7-m/crtbegin.o

.eh_frame_hdr
 *(.eh_frame_hdr)

.eh_frame       0x00002644        0x4
 *(.eh_frame)
 .eh_frame      0x00002644        0x0 c:/program files (x86)/cypress/psoc creator/4.4/psoc creator/import/gnu/arm/5.4.1/bin/../lib/gcc/arm-none-eabi/5.4.1/armv7-m/crtbegin.o
 .eh_frame      0x00002644        0x4 c:/program files (x86)/cypress/psoc creator/4.4/psoc creator/import/gnu/arm/5.4.1/bin/../lib/gcc/arm-none-eabi/5.4.1/armv7-m/crtend.o
                [!provide]                PROVIDE (__exidx_start, .)

.ARM.exidx
 *(.ARM.exidx* .gnu.linkonce.armexidx.*)
                0x00002648                __exidx_end = .

.rodata         0x00002648      0x5d0
 *(.rodata .rodata.* .gnu.linkonce.r.*)
 .rodata.str1.4
                0x00002648       0x2d .\CortexM3\ARM_GCC_541\Debug\main.o
 *fill*         0x00002675        0x3 
 .rodata.str1.4
                0x00002678      0x15e .\CortexM3\ARM_GCC_541\Debug\Game.o
 *fill*         0x000027d6        0x2 
 .rodata        0x000027d8       0x30 .\CortexM3\ARM_GCC_541\Debug\Glower.o
                0x000027d8                RG_glowtable_1
 .rodata        0x00002808        0xb .\CortexM3\ARM_GCC_541\Debug\seven.o
 *fill*         0x00002813        0x1 
 .rodata        0x00002814       0x2a .\CortexM3\ARM_GCC_541\Debug\cyfitter_cfg.o
 *fill*         0x0000283e        0x2 
 .rodata        0x00002840      0x100 .\CortexM3\ARM_GCC_541\Debug\ReactionGame.a(ErikaOS_1_ee_lookup.o)
                0x00002840                EE_rq_lookup
 .rodata        0x00002940      0x1a8 .\CortexM3\ARM_GCC_541\Debug\ReactionGame.a(ErikaOS_1_eecfg.o)
                0x00002940                EE_oo_autostart_task_data
                0x0000295c                EE_oo_action_ROM
                0x000029c0                EE_oo_counter_object_ROM
                0x000029fc                EE_ALARM_ID
                0x00002a10                EE_alarm_ROM
                0x00002a24                EE_counter_ROM
                0x00002a30                EE_th_is_extended
                0x00002a48                EE_th_rnact_max
                0x00002a60                EE_th_dispatch_prio
                0x00002a78                EE_EVENT_ID
                0x00002a84                EE_th_ready_prio
                0x00002a9c                EE_terminate_real_th_body
                0x00002ab4                EE_hal_thread_body
                0x00002acc                EE_std_thread_tos
 .rodata.str1.4
                0x00002ae8       0xc4 .\CortexM3\ARM_GCC_541\Debug\ReactionGame.a(ErikaOS_1_eecfg.o)
                                 0xc3 (size before relaxing)
 .rodata.str1.1
                0x00002bac        0x2 c:/program files (x86)/cypress/psoc creator/4.4/psoc creator/import/gnu/arm/5.4.1/bin/../lib/gcc/arm-none-eabi/5.4.1/../../../../arm-none-eabi/lib/armv7-m\libg_nano.a(lib_a-impure.o)
 .rodata.str1.1
                0x00002bae       0x11 c:/program files (x86)/cypress/psoc creator/4.4/psoc creator/import/gnu/arm/5.4.1/bin/../lib/gcc/arm-none-eabi/5.4.1/../../../../arm-none-eabi/lib/armv7-m\libg_nano.a(lib_a-nano-svfprintf.o)
 .rodata.str1.1
                0x00002bbf       0x22 c:/program files (x86)/cypress/psoc creator/4.4/psoc creator/import/gnu/arm/5.4.1/bin/../lib/gcc/arm-none-eabi/5.4.1/../../../../arm-none-eabi/lib/armv7-m\libg_nano.a(lib_a-nano-vfprintf_i.o)
                0x00002be4                . = ALIGN (0x4)
 *fill*         0x00002be1        0x3 
 *(.init)
 .init          0x00002be4        0x4 c:/program files (x86)/cypress/psoc creator/4.4/psoc creator/import/gnu/arm/5.4.1/bin/../lib/gcc/arm-none-eabi/5.4.1/armv7-m/crti.o
                0x00002be4                _init
 .init          0x00002be8        0x8 c:/program files (x86)/cypress/psoc creator/4.4/psoc creator/import/gnu/arm/5.4.1/bin/../lib/gcc/arm-none-eabi/5.4.1/armv7-m/crtn.o
                0x00002bf0                . = ALIGN (0x4)
                0x00002bf0                __preinit_array_start = .
 *(.preinit_array)
                0x00002bf0                __preinit_array_end = .
                0x00002bf0                . = ALIGN (0x4)
                0x00002bf0                __init_array_start = .
 *(SORT(.init_array.*))
 *(.init_array)
 .init_array    0x00002bf0        0x4 c:/program files (x86)/cypress/psoc creator/4.4/psoc creator/import/gnu/arm/5.4.1/bin/../lib/gcc/arm-none-eabi/5.4.1/armv7-m/crtbegin.o
 .init_array    0x00002bf4        0x4 .\CortexM3\ARM_GCC_541\Debug\Cm3Start.o
                0x00002bf8                __init_array_end = .
                0x00002bf8                . = ALIGN (0x4)
 *(.fini)
 .fini          0x00002bf8        0x4 c:/program files (x86)/cypress/psoc creator/4.4/psoc creator/import/gnu/arm/5.4.1/bin/../lib/gcc/arm-none-eabi/5.4.1/armv7-m/crti.o
                0x00002bf8                _fini
 .fini          0x00002bfc        0x8 c:/program files (x86)/cypress/psoc creator/4.4/psoc creator/import/gnu/arm/5.4.1/bin/../lib/gcc/arm-none-eabi/5.4.1/armv7-m/crtn.o
                0x00002c04                . = ALIGN (0x4)
                0x00002c04                __fini_array_start = .
 *(.fini_array)
 .fini_array    0x00002c04        0x4 c:/program files (x86)/cypress/psoc creator/4.4/psoc creator/import/gnu/arm/5.4.1/bin/../lib/gcc/arm-none-eabi/5.4.1/armv7-m/crtbegin.o
 *(SORT(.fini_array.*))
                0x00002c08                __fini_array_end = .
                0x00002c08                . = ALIGN (0x4)
 *crtbegin.o(.ctors)
 *(EXCLUDE_FILE(*crtend.o) .ctors)
 *(SORT(.ctors.*))
 *crtend.o(.ctors)
                0x00002c08                . = ALIGN (0x4)
 *crtbegin.o(.dtors)
 *(EXCLUDE_FILE(*crtend.o) .dtors)
 *(SORT(.dtors.*))
 *crtend.o(.dtors)
                0x00002c08                . = ALIGN (0x4)
                0x00002c08                __cy_regions = .
                0x00002c08        0x4 LONG 0x2c18 __cy_region_init_ram
                0x00002c0c        0x4 LONG 0x1fff80c8 __cy_region_start_data
                0x00002c10        0x4 LONG 0x1d8 __cy_region_init_size_ram
                0x00002c14        0x4 LONG 0x1308 __cy_region_zero_size_ram
                0x00002c18                __cy_regions_end = .
                0x00002c18                . = ALIGN (0x8)
                0x00002c18                _etext = .

.cy_checksum_exclude
                0x00002c18        0x0
 *(.cy_checksum_exclude)

.ramvectors     0x1fff8000       0xc0
                0x1fff8000                __cy_region_start_ram = .
 *(.ramvectors)
 .ramvectors    0x1fff8000       0xc0 .\CortexM3\ARM_GCC_541\Debug\Cm3Start.o
                0x1fff8000                CyRamVectors

.noinit         0x1fff80c0        0x1
 *(.noinit)
 .noinit        0x1fff80c0        0x1 .\CortexM3\ARM_GCC_541\Debug\ReactionGame.a(CyLib.o)
                0x1fff80c0                CyResetStatus

.data           0x1fff80c8      0x1d8 load address 0x00002c18
                0x1fff80c8                __cy_region_start_data = .
 *(.jcr)
 .jcr           0x1fff80c8        0x0 c:/program files (x86)/cypress/psoc creator/4.4/psoc creator/import/gnu/arm/5.4.1/bin/../lib/gcc/arm-none-eabi/5.4.1/armv7-m/crtbegin.o
 .jcr           0x1fff80c8        0x4 c:/program files (x86)/cypress/psoc creator/4.4/psoc creator/import/gnu/arm/5.4.1/bin/../lib/gcc/arm-none-eabi/5.4.1/armv7-m/crtend.o
 *(.got.plt)
 *(.got)
 *(.shdata)
 *(.data .data.* .gnu.linkonce.d.*)
 .data          0x1fff80cc        0x1 .\CortexM3\ARM_GCC_541\Debug\Game.o
 *fill*         0x1fff80cd        0x3 
 .data          0x1fff80d0        0x2 .\CortexM3\ARM_GCC_541\Debug\seven.o
 *fill*         0x1fff80d2        0x2 
 .data          0x1fff80d4        0x4 .\CortexM3\ARM_GCC_541\Debug\Cm3Start.o
 .data          0x1fff80d8      0x160 .\CortexM3\ARM_GCC_541\Debug\ReactionGame.a(ErikaOS_1_eecfg.o)
                0x1fff80d8                EE_ALARM_NAME
                0x1fff80ec                EE_counter_RAM
                0x1fff80f4                EE_th_terminate_nextask
                0x1fff810c                EE_rq_pairs_next
                0x1fff8124                EE_rq_link
                0x1fff813c                EE_th_rnact
                0x1fff8154                EE_rq_queues_tail
                0x1fff8194                EE_rq_queues_head
                0x1fff81d4                EE_stkfirst
                0x1fff81d8                EE_th_next
                0x1fff81f0                EE_th_status
                0x1fff8208                EE_EVENT_NAME
                0x1fff8214                EE_TASK_NAME
                0x1fff822c                EE_cortex_mx_IRQ_tos
                0x1fff8230                EE_cortex_mx_system_tos
 .data          0x1fff8238        0x4 .\CortexM3\ARM_GCC_541\Debug\ReactionGame.a(ErikaOS_1_ee_gnu_irq_stack.o)
 .data.impure_data
                0x1fff823c       0x60 c:/program files (x86)/cypress/psoc creator/4.4/psoc creator/import/gnu/arm/5.4.1/bin/../lib/gcc/arm-none-eabi/5.4.1/../../../../arm-none-eabi/lib/armv7-m\libg_nano.a(lib_a-impure.o)
 .data._impure_ptr
                0x1fff829c        0x4 c:/program files (x86)/cypress/psoc creator/4.4/psoc creator/import/gnu/arm/5.4.1/bin/../lib/gcc/arm-none-eabi/5.4.1/../../../../arm-none-eabi/lib/armv7-m\libg_nano.a(lib_a-impure.o)
                0x1fff829c                _impure_ptr
                0x1fff82a0                . = ALIGN (0x8)
 *(.ram)
                0x1fff82a0                _edata = .

.igot.plt       0x1fff82a0        0x0 load address 0x00002df0
 .igot.plt      0x1fff82a0        0x0 c:/program files (x86)/cypress/psoc creator/4.4/psoc creator/import/gnu/arm/5.4.1/bin/../lib/gcc/arm-none-eabi/5.4.1/armv7-m/crtbegin.o

.bss            0x1fff82a0     0x1308 load address 0x00002df0
                0x1fff82a0                PROVIDE (__bss_start__, .)
 *(.shbss)
 *(.bss .bss.* .gnu.linkonce.b.*)
 .bss           0x1fff82a0       0x1c c:/program files (x86)/cypress/psoc creator/4.4/psoc creator/import/gnu/arm/5.4.1/bin/../lib/gcc/arm-none-eabi/5.4.1/armv7-m/crtbegin.o
 .bss           0x1fff82bc        0x4 .\CortexM3\ARM_GCC_541\Debug\main.o
                0x1fff82bc                timer
 .bss           0x1fff82c0       0x19 .\CortexM3\ARM_GCC_541\Debug\Game.o
                0x1fff82c0                displayNumber
 .bss           0x1fff82d9        0x4 .\CortexM3\ARM_GCC_541\Debug\Fader.o
 .bss           0x1fff82dd        0x1 .\CortexM3\ARM_GCC_541\Debug\Glower.o
 *fill*         0x1fff82de        0x2 
 .bss           0x1fff82e0        0x2 .\CortexM3\ARM_GCC_541\Debug\seven.o
 *fill*         0x1fff82e2        0x2 
 .bss           0x1fff82e4       0x58 .\CortexM3\ARM_GCC_541\Debug\ReactionGame.a(ErikaOS_1_eecfg.o)
                0x1fff82e4                EE_th_waswaiting
                0x1fff82fc                EE_th_event_waitmask
                0x1fff8314                EE_th_event_active
                0x1fff832c                EE_rq_free
                0x1fff8330                EE_rq_bitmask
                0x1fff8334                EE_sys_ceiling
                0x1fff8338                EE_cortex_mx_active_tos
 .bss           0x1fff833c        0x2 .\CortexM3\ARM_GCC_541\Debug\ReactionGame.a(UART_1.o)
                0x1fff833c                UART_1_initVar
 .bss           0x1fff833e        0x1 .\CortexM3\ARM_GCC_541\Debug\ReactionGame.a(PWM_LED_RED.o)
                0x1fff833e                PWM_LED_RED_initVar
 .bss           0x1fff833f        0x1 .\CortexM3\ARM_GCC_541\Debug\ReactionGame.a(PWM_LED_GREEN.o)
                0x1fff833f                PWM_LED_GREEN_initVar
 .bss           0x1fff8340        0x1 .\CortexM3\ARM_GCC_541\Debug\ReactionGame.a(PWM_LED_YELLOW.o)
                0x1fff8340                PWM_LED_YELLOW_initVar
 *fill*         0x1fff8341        0x3 
 .bss.__malloc_sbrk_start
                0x1fff8344        0x4 c:/program files (x86)/cypress/psoc creator/4.4/psoc creator/import/gnu/arm/5.4.1/bin/../lib/gcc/arm-none-eabi/5.4.1/../../../../arm-none-eabi/lib/armv7-m\libg_nano.a(lib_a-nano-mallocr.o)
                0x1fff8344                __malloc_sbrk_start
 .bss.__malloc_free_list
                0x1fff8348        0x4 c:/program files (x86)/cypress/psoc creator/4.4/psoc creator/import/gnu/arm/5.4.1/bin/../lib/gcc/arm-none-eabi/5.4.1/../../../../arm-none-eabi/lib/armv7-m\libg_nano.a(lib_a-nano-mallocr.o)
                0x1fff8348                __malloc_free_list
 *(COMMON)
 COMMON         0x1fff834c       0x20 .\CortexM3\ARM_GCC_541\Debug\Game.o
                0x1fff834c                strMsg
 COMMON         0x1fff836c        0x8 .\CortexM3\ARM_GCC_541\Debug\ReactionGame.a(ErikaOS_1_ee_lookup.o)
                0x1fff836c                EE_oo_IRQ_disable_count
                0x1fff8370                EE_oo_IRQ_suspend_status
 COMMON         0x1fff8374        0x4 .\CortexM3\ARM_GCC_541\Debug\ReactionGame.a(ErikaOS_1_ee_startos.o)
                0x1fff8374                EE_oo_started
 COMMON         0x1fff8378        0x8 .\CortexM3\ARM_GCC_541\Debug\ReactionGame.a(ErikaOS_1_common_ee_hal_structs.o)
                0x1fff8378                EE_IRQ_nesting_level
                0x1fff837c                EE_std_endcycle_next_tid
 COMMON         0x1fff8380     0x1224 .\CortexM3\ARM_GCC_541\Debug\ReactionGame.a(ErikaOS_1_eecfg.o)
                0x1fff8380                EE_cortex_mx_stack_3
                0x1fff9320                EE_rq_pairs_tid
                0x1fff9338                EE_terminate_data
                0x1fff9350                EE_oo_counter_object_RAM
                0x1fff93a0                EE_ApplicationMode
                0x1fff93a4                EE_cortex_mx_stack_9
 COMMON         0x1fff95a4        0x4 c:/program files (x86)/cypress/psoc creator/4.4/psoc creator/import/gnu/arm/5.4.1/bin/../lib/gcc/arm-none-eabi/5.4.1/../../../../arm-none-eabi/lib/armv7-m\libg_nano.a(lib_a-reent.o)
                0x1fff95a4                errno
                0x1fff95a8                . = ALIGN (0x8)
 *(.ram.b)
                0x1fff95a8                _end = .
                0x1fff95a8                __end = .
                0x1fff95a8                PROVIDE (end, .)
                0x1fff95a8                PROVIDE (__bss_end__, .)
                0x00002c18                __cy_region_init_ram = LOADADDR (.data)
                0x000001d8                __cy_region_init_size_ram = (_edata - ADDR (.data))
                0x00001308                __cy_region_zero_size_ram = (_end - _edata)

.heap           0x1fff95a8       0x80 load address 0x00002df0
                0x1fff95a8                . = _end
                0x1fff9628                . = (. + 0x80)
 *fill*         0x1fff95a8       0x80 
                0x1fff9628                __cy_heap_limit = .

.stack          0x20007800      0x800
                0x20007800                __cy_stack_limit = .
                0x20008000                . = (. + 0x800)
 *fill*         0x20007800      0x800 
                0x00000001                ASSERT ((__cy_stack_limit >= __cy_heap_limit), region RAM overflowed with stack)
                0x00000000                cy_checksum_exclude_size = (CY_APPL_LOADABLE == 0x1)?SIZEOF (.cy_checksum_exclude):0x0
                0x00000001                ASSERT ((cy_checksum_exclude_size <= CY_CHECKSUM_EXCLUDE_SIZE), CY_BOOT: Section .cy_checksum_exclude size exceedes specified limit.)

.cyloadermeta
 *(.cyloadermeta)

.cyloadablemeta
 *(.cyloadablemeta)

.cyconfigecc    0x80000000      0x5e4
 *(.cyconfigecc)
 .cyconfigecc   0x80000000      0x5e4 .\CortexM3\ARM_GCC_541\Debug\cymetadata.o
                0x80000000                cy_meta_configecc

.cycustnvl      0x90000000        0x4
 *(.cycustnvl)
 .cycustnvl     0x90000000        0x4 .\CortexM3\ARM_GCC_541\Debug\cymetadata.o
                0x90000000                cy_meta_custnvl

.cywolatch      0x90100000        0x4
 *(.cywolatch)
 .cywolatch     0x90100000        0x4 .\CortexM3\ARM_GCC_541\Debug\cymetadata.o
                0x90100000                cy_meta_wonvl

.cyeeprom       0x90200000        0x0
 *(.cyeeprom)
                0x00000001                ASSERT ((. <= ((0x90200000 + ee_offset) + ee_size)), .cyeeprom data will not fit in EEPROM)

.cyflashprotect
                0x90400000      0x100
 *(.cyflashprotect)
 .cyflashprotect
                0x90400000      0x100 .\CortexM3\ARM_GCC_541\Debug\cymetadata.o
                0x90400000                cy_meta_flashprotect

.cymeta         0x90500000        0xc
 *(.cymeta)
 .cymeta        0x90500000        0xc .\CortexM3\ARM_GCC_541\Debug\cymetadata.o
                0x90500000                cy_metadata

.rel.dyn        0x00002df0        0x0 load address 0x9050000c
 .rel.iplt      0x00002df0        0x0 c:/program files (x86)/cypress/psoc creator/4.4/psoc creator/import/gnu/arm/5.4.1/bin/../lib/gcc/arm-none-eabi/5.4.1/armv7-m/crtbegin.o

.stab
 *(.stab)

.stabstr
 *(.stabstr)

.debug
 *(.debug)

.line
 *(.line)

.debug_srcinfo
 *(.debug_srcinfo)

.debug_sfnames
 *(.debug_sfnames)

.debug_aranges  0x00000000     0x10c8
 *(.debug_aranges)
 .debug_aranges
                0x00000000       0x70 .\CortexM3\ARM_GCC_541\Debug\main.o
 .debug_aranges
                0x00000070       0x48 .\CortexM3\ARM_GCC_541\Debug\Game.o
 .debug_aranges
                0x000000b8       0x20 .\CortexM3\ARM_GCC_541\Debug\Fader.o
 .debug_aranges
                0x000000d8       0x20 .\CortexM3\ARM_GCC_541\Debug\Glower.o
 .debug_aranges
                0x000000f8       0x28 .\CortexM3\ARM_GCC_541\Debug\button.o
 .debug_aranges
                0x00000120       0x30 .\CortexM3\ARM_GCC_541\Debug\led.o
 .debug_aranges
                0x00000150       0x48 .\CortexM3\ARM_GCC_541\Debug\seven.o
 .debug_aranges
                0x00000198       0x58 .\CortexM3\ARM_GCC_541\Debug\cyfitter_cfg.o
 .debug_aranges
                0x000001f0       0x18 .\CortexM3\ARM_GCC_541\Debug\cymetadata.o
 .debug_aranges
                0x00000208       0x48 .\CortexM3\ARM_GCC_541\Debug\Cm3Start.o
 .debug_aranges
                0x00000250      0x2a0 .\CortexM3\ARM_GCC_541\Debug\ReactionGame.a(CyLib.o)
 .debug_aranges
                0x000004f0       0x98 .\CortexM3\ARM_GCC_541\Debug\ReactionGame.a(cyPm.o)
 .debug_aranges
                0x00000588       0x20 .\CortexM3\ARM_GCC_541\Debug\ReactionGame.a(ErikaOS_1_ee_activate.o)
 .debug_aranges
                0x000005a8       0x20 .\CortexM3\ARM_GCC_541\Debug\ReactionGame.a(ErikaOS_1_ee_alcancel.o)
 .debug_aranges
                0x000005c8       0x20 .\CortexM3\ARM_GCC_541\Debug\ReactionGame.a(ErikaOS_1_ee_alsetrel.o)
 .debug_aranges
                0x000005e8       0x58 .\CortexM3\ARM_GCC_541\Debug\ReactionGame.a(ErikaOS_1_ee_altick.o)
 .debug_aranges
                0x00000640       0x20 .\CortexM3\ARM_GCC_541\Debug\ReactionGame.a(ErikaOS_1_ee_evclear.o)
 .debug_aranges
                0x00000660       0x20 .\CortexM3\ARM_GCC_541\Debug\ReactionGame.a(ErikaOS_1_ee_evget.o)
 .debug_aranges
                0x00000680       0x20 .\CortexM3\ARM_GCC_541\Debug\ReactionGame.a(ErikaOS_1_ee_evset.o)
 .debug_aranges
                0x000006a0       0x20 .\CortexM3\ARM_GCC_541\Debug\ReactionGame.a(ErikaOS_1_ee_evwait.o)
 .debug_aranges
                0x000006c0       0x30 .\CortexM3\ARM_GCC_541\Debug\ReactionGame.a(ErikaOS_1_ee_irqendin.o)
 .debug_aranges
                0x000006f0       0x18 .\CortexM3\ARM_GCC_541\Debug\ReactionGame.a(ErikaOS_1_ee_lookup.o)
 .debug_aranges
                0x00000708       0x20 .\CortexM3\ARM_GCC_541\Debug\ReactionGame.a(ErikaOS_1_ee_rq_exchg.o)
 .debug_aranges
                0x00000728       0x20 .\CortexM3\ARM_GCC_541\Debug\ReactionGame.a(ErikaOS_1_ee_rq_first.o)
 .debug_aranges
                0x00000748       0x20 .\CortexM3\ARM_GCC_541\Debug\ReactionGame.a(ErikaOS_1_ee_rq_inser.o)
 .debug_aranges
                0x00000768       0x40 .\CortexM3\ARM_GCC_541\Debug\ReactionGame.a(ErikaOS_1_ee_startos.o)
 .debug_aranges
                0x000007a8       0x20 .\CortexM3\ARM_GCC_541\Debug\ReactionGame.a(ErikaOS_1_ee_terminat.o)
 .debug_aranges
                0x000007c8       0x20 .\CortexM3\ARM_GCC_541\Debug\ReactionGame.a(ErikaOS_1_cortex_mx_ee_utils.o)
 .debug_aranges
                0x000007e8       0x18 .\CortexM3\ARM_GCC_541\Debug\ReactionGame.a(ErikaOS_1_common_ee_hal_structs.o)
 .debug_aranges
                0x00000800       0x18 .\CortexM3\ARM_GCC_541\Debug\ReactionGame.a(ErikaOS_1_eecfg.o)
 .debug_aranges
                0x00000818       0xf0 .\CortexM3\ARM_GCC_541\Debug\ReactionGame.a(UART_1.o)
 .debug_aranges
                0x00000908       0x70 .\CortexM3\ARM_GCC_541\Debug\ReactionGame.a(UART_1_IntClock.o)
 .debug_aranges
                0x00000978       0x38 .\CortexM3\ARM_GCC_541\Debug\ReactionGame.a(Pin_Button1.o)
 .debug_aranges
                0x000009b0       0x38 .\CortexM3\ARM_GCC_541\Debug\ReactionGame.a(Pin_Button2.o)
 .debug_aranges
                0x000009e8       0x80 .\CortexM3\ARM_GCC_541\Debug\ReactionGame.a(isr_Button.o)
 .debug_aranges
                0x00000a68       0x38 .\CortexM3\ARM_GCC_541\Debug\ReactionGame.a(SEVSEG_DP.o)
 .debug_aranges
                0x00000aa0       0x38 .\CortexM3\ARM_GCC_541\Debug\ReactionGame.a(Pin_SEVENSEL.o)
 .debug_aranges
                0x00000ad8       0x28 .\CortexM3\ARM_GCC_541\Debug\ReactionGame.a(SEVENSEG_REG.o)
 .debug_aranges
                0x00000b00       0x98 .\CortexM3\ARM_GCC_541\Debug\ReactionGame.a(PWM_LED_RED.o)
 .debug_aranges
                0x00000b98       0x98 .\CortexM3\ARM_GCC_541\Debug\ReactionGame.a(PWM_LED_GREEN.o)
 .debug_aranges
                0x00000c30       0x98 .\CortexM3\ARM_GCC_541\Debug\ReactionGame.a(PWM_LED_YELLOW.o)
 .debug_aranges
                0x00000cc8       0x70 .\CortexM3\ARM_GCC_541\Debug\ReactionGame.a(Clock_PWM.o)
 .debug_aranges
                0x00000d38       0x38 .\CortexM3\ARM_GCC_541\Debug\ReactionGame.a(Pin_LED_RED.o)
 .debug_aranges
                0x00000d70       0x38 .\CortexM3\ARM_GCC_541\Debug\ReactionGame.a(Pin_LED_GREEN.o)
 .debug_aranges
                0x00000da8       0x38 .\CortexM3\ARM_GCC_541\Debug\ReactionGame.a(Pin_LED_YELLOW.o)
 .debug_aranges
                0x00000de0       0x38 .\CortexM3\ARM_GCC_541\Debug\ReactionGame.a(Pin_RGB_RED.o)
 .debug_aranges
                0x00000e18       0x38 .\CortexM3\ARM_GCC_541\Debug\ReactionGame.a(Pin_RGB_GREEN.o)
 .debug_aranges
                0x00000e50       0x38 .\CortexM3\ARM_GCC_541\Debug\ReactionGame.a(Pin_RGB_BLUE.o)
 .debug_aranges
                0x00000e88       0x20 .\CortexM3\ARM_GCC_541\Debug\ReactionGame.a(CyBootAsmGnu.o)
 .debug_aranges
                0x00000ea8       0x20 .\CortexM3\ARM_GCC_541\Debug\ReactionGame.a(ErikaOS_1_ee_gnu_change_context_isr.o)
 .debug_aranges
                0x00000ec8       0x20 .\CortexM3\ARM_GCC_541\Debug\ReactionGame.a(ErikaOS_1_ee_gnu_irq_stack.o)
 .debug_aranges
                0x00000ee8       0x20 .\CortexM3\ARM_GCC_541\Debug\ReactionGame.a(ErikaOS_1_ee_gnu_multi_context.o)
 .debug_aranges
                0x00000f08       0x20 .\CortexM3\ARM_GCC_541\Debug\ReactionGame.a(ErikaOS_1_ee_gnu_oo.o)
 .debug_aranges
                0x00000f28       0x88 .\CortexM3\ARM_GCC_541\Debug\ReactionGame.a(CyFlash.o)
 .debug_aranges
                0x00000fb0       0x80 .\CortexM3\ARM_GCC_541\Debug\ReactionGame.a(CySpc.o)
 .debug_aranges
                0x00001030       0x20 .\CortexM3\ARM_GCC_541\Debug\ReactionGame.a(ErikaOS_1_ee_tnterm.o)
 .debug_aranges
                0x00001050       0x20 .\CortexM3\ARM_GCC_541\Debug\ReactionGame.a(ErikaOS_1_ee_tstub.o)
 .debug_aranges
                0x00001070       0x28 .\CortexM3\ARM_GCC_541\Debug\ReactionGame.a(ErikaOS_1_cortex_mx_ee_context.o)
 .debug_aranges
                0x00001098       0x30 .\CortexM3\ARM_GCC_541\Debug\ReactionGame.a(ErikaOS_1_ee_thendin.o)

.debug_pubnames
 *(.debug_pubnames)

.debug_info     0x00000000    0x11ca9
 *(.debug_info .gnu.linkonce.wi.*)
 .debug_info    0x00000000      0x950 .\CortexM3\ARM_GCC_541\Debug\main.o
 .debug_info    0x00000950      0x90e .\CortexM3\ARM_GCC_541\Debug\Game.o
 .debug_info    0x0000125e      0x31a .\CortexM3\ARM_GCC_541\Debug\Fader.o
 .debug_info    0x00001578      0x351 .\CortexM3\ARM_GCC_541\Debug\Glower.o
 .debug_info    0x000018c9      0x2f5 .\CortexM3\ARM_GCC_541\Debug\button.o
 .debug_info    0x00001bbe      0x498 .\CortexM3\ARM_GCC_541\Debug\led.o
 .debug_info    0x00002056      0x538 .\CortexM3\ARM_GCC_541\Debug\seven.o
 .debug_info    0x0000258e      0x513 .\CortexM3\ARM_GCC_541\Debug\cyfitter_cfg.o
 .debug_info    0x00002aa1      0x137 .\CortexM3\ARM_GCC_541\Debug\cymetadata.o
 .debug_info    0x00002bd8      0x3bb .\CortexM3\ARM_GCC_541\Debug\Cm3Start.o
 .debug_info    0x00002f93     0x1374 .\CortexM3\ARM_GCC_541\Debug\ReactionGame.a(CyLib.o)
 .debug_info    0x00004307      0xa2a .\CortexM3\ARM_GCC_541\Debug\ReactionGame.a(cyPm.o)
 .debug_info    0x00004d31      0x80d .\CortexM3\ARM_GCC_541\Debug\ReactionGame.a(ErikaOS_1_ee_activate.o)
 .debug_info    0x0000553e      0x5bd .\CortexM3\ARM_GCC_541\Debug\ReactionGame.a(ErikaOS_1_ee_alcancel.o)
 .debug_info    0x00005afb      0x5e5 .\CortexM3\ARM_GCC_541\Debug\ReactionGame.a(ErikaOS_1_ee_alsetrel.o)
 .debug_info    0x000060e0      0xc3b .\CortexM3\ARM_GCC_541\Debug\ReactionGame.a(ErikaOS_1_ee_altick.o)
 .debug_info    0x00006d1b      0x5a7 .\CortexM3\ARM_GCC_541\Debug\ReactionGame.a(ErikaOS_1_ee_evclear.o)
 .debug_info    0x000072c2      0x4ca .\CortexM3\ARM_GCC_541\Debug\ReactionGame.a(ErikaOS_1_ee_evget.o)
 .debug_info    0x0000778c      0x7c3 .\CortexM3\ARM_GCC_541\Debug\ReactionGame.a(ErikaOS_1_ee_evset.o)
 .debug_info    0x00007f4f      0x84e .\CortexM3\ARM_GCC_541\Debug\ReactionGame.a(ErikaOS_1_ee_evwait.o)
 .debug_info    0x0000879d      0x5cb .\CortexM3\ARM_GCC_541\Debug\ReactionGame.a(ErikaOS_1_ee_irqendin.o)
 .debug_info    0x00008d68      0x3d0 .\CortexM3\ARM_GCC_541\Debug\ReactionGame.a(ErikaOS_1_ee_lookup.o)
 .debug_info    0x00009138      0x46f .\CortexM3\ARM_GCC_541\Debug\ReactionGame.a(ErikaOS_1_ee_rq_exchg.o)
 .debug_info    0x000095a7      0x421 .\CortexM3\ARM_GCC_541\Debug\ReactionGame.a(ErikaOS_1_ee_rq_first.o)
 .debug_info    0x000099c8      0x475 .\CortexM3\ARM_GCC_541\Debug\ReactionGame.a(ErikaOS_1_ee_rq_inser.o)
 .debug_info    0x00009e3d     0x2040 .\CortexM3\ARM_GCC_541\Debug\ReactionGame.a(ErikaOS_1_ee_startos.o)
 .debug_info    0x0000be7d      0x589 .\CortexM3\ARM_GCC_541\Debug\ReactionGame.a(ErikaOS_1_ee_terminat.o)
 .debug_info    0x0000c406      0x513 .\CortexM3\ARM_GCC_541\Debug\ReactionGame.a(ErikaOS_1_cortex_mx_ee_utils.o)
 .debug_info    0x0000c919      0x3cb .\CortexM3\ARM_GCC_541\Debug\ReactionGame.a(ErikaOS_1_common_ee_hal_structs.o)
 .debug_info    0x0000cce4      0x8b7 .\CortexM3\ARM_GCC_541\Debug\ReactionGame.a(ErikaOS_1_eecfg.o)
 .debug_info    0x0000d59b      0x60c .\CortexM3\ARM_GCC_541\Debug\ReactionGame.a(UART_1.o)
 .debug_info    0x0000dba7      0x283 .\CortexM3\ARM_GCC_541\Debug\ReactionGame.a(UART_1_IntClock.o)
 .debug_info    0x0000de2a      0x11f .\CortexM3\ARM_GCC_541\Debug\ReactionGame.a(Pin_Button1.o)
 .debug_info    0x0000df49      0x11f .\CortexM3\ARM_GCC_541\Debug\ReactionGame.a(Pin_Button2.o)
 .debug_info    0x0000e068      0x2d2 .\CortexM3\ARM_GCC_541\Debug\ReactionGame.a(isr_Button.o)
 .debug_info    0x0000e33a      0x11f .\CortexM3\ARM_GCC_541\Debug\ReactionGame.a(SEVSEG_DP.o)
 .debug_info    0x0000e459      0x11f .\CortexM3\ARM_GCC_541\Debug\ReactionGame.a(Pin_SEVENSEL.o)
 .debug_info    0x0000e578       0xd6 .\CortexM3\ARM_GCC_541\Debug\ReactionGame.a(SEVENSEG_REG.o)
 .debug_info    0x0000e64e      0x334 .\CortexM3\ARM_GCC_541\Debug\ReactionGame.a(PWM_LED_RED.o)
 .debug_info    0x0000e982      0x334 .\CortexM3\ARM_GCC_541\Debug\ReactionGame.a(PWM_LED_GREEN.o)
 .debug_info    0x0000ecb6      0x334 .\CortexM3\ARM_GCC_541\Debug\ReactionGame.a(PWM_LED_YELLOW.o)
 .debug_info    0x0000efea      0x283 .\CortexM3\ARM_GCC_541\Debug\ReactionGame.a(Clock_PWM.o)
 .debug_info    0x0000f26d      0x11f .\CortexM3\ARM_GCC_541\Debug\ReactionGame.a(Pin_LED_RED.o)
 .debug_info    0x0000f38c      0x11f .\CortexM3\ARM_GCC_541\Debug\ReactionGame.a(Pin_LED_GREEN.o)
 .debug_info    0x0000f4ab      0x11f .\CortexM3\ARM_GCC_541\Debug\ReactionGame.a(Pin_LED_YELLOW.o)
 .debug_info    0x0000f5ca      0x11f .\CortexM3\ARM_GCC_541\Debug\ReactionGame.a(Pin_RGB_RED.o)
 .debug_info    0x0000f6e9      0x11f .\CortexM3\ARM_GCC_541\Debug\ReactionGame.a(Pin_RGB_GREEN.o)
 .debug_info    0x0000f808      0x11f .\CortexM3\ARM_GCC_541\Debug\ReactionGame.a(Pin_RGB_BLUE.o)
 .debug_info    0x0000f927       0x95 .\CortexM3\ARM_GCC_541\Debug\ReactionGame.a(CyBootAsmGnu.o)
 .debug_info    0x0000f9bc       0xac .\CortexM3\ARM_GCC_541\Debug\ReactionGame.a(ErikaOS_1_ee_gnu_change_context_isr.o)
 .debug_info    0x0000fa68       0xa3 .\CortexM3\ARM_GCC_541\Debug\ReactionGame.a(ErikaOS_1_ee_gnu_irq_stack.o)
 .debug_info    0x0000fb0b       0xa7 .\CortexM3\ARM_GCC_541\Debug\ReactionGame.a(ErikaOS_1_ee_gnu_multi_context.o)
 .debug_info    0x0000fbb2       0x9c .\CortexM3\ARM_GCC_541\Debug\ReactionGame.a(ErikaOS_1_ee_gnu_oo.o)
 .debug_info    0x0000fc4e      0x64d .\CortexM3\ARM_GCC_541\Debug\ReactionGame.a(CyFlash.o)
 .debug_info    0x0001029b      0x550 .\CortexM3\ARM_GCC_541\Debug\ReactionGame.a(CySpc.o)
 .debug_info    0x000107eb      0x43d .\CortexM3\ARM_GCC_541\Debug\ReactionGame.a(ErikaOS_1_ee_tnterm.o)
 .debug_info    0x00010c28      0x487 .\CortexM3\ARM_GCC_541\Debug\ReactionGame.a(ErikaOS_1_ee_tstub.o)
 .debug_info    0x000110af      0x501 .\CortexM3\ARM_GCC_541\Debug\ReactionGame.a(ErikaOS_1_cortex_mx_ee_context.o)
 .debug_info    0x000115b0      0x6f9 .\CortexM3\ARM_GCC_541\Debug\ReactionGame.a(ErikaOS_1_ee_thendin.o)

.debug_abbrev   0x00000000     0x4da4
 *(.debug_abbrev)
 .debug_abbrev  0x00000000      0x250 .\CortexM3\ARM_GCC_541\Debug\main.o
 .debug_abbrev  0x00000250      0x1c1 .\CortexM3\ARM_GCC_541\Debug\Game.o
 .debug_abbrev  0x00000411       0xf8 .\CortexM3\ARM_GCC_541\Debug\Fader.o
 .debug_abbrev  0x00000509      0x165 .\CortexM3\ARM_GCC_541\Debug\Glower.o
 .debug_abbrev  0x0000066e      0x12b .\CortexM3\ARM_GCC_541\Debug\button.o
 .debug_abbrev  0x00000799      0x188 .\CortexM3\ARM_GCC_541\Debug\led.o
 .debug_abbrev  0x00000921      0x178 .\CortexM3\ARM_GCC_541\Debug\seven.o
 .debug_abbrev  0x00000a99      0x1fe .\CortexM3\ARM_GCC_541\Debug\cyfitter_cfg.o
 .debug_abbrev  0x00000c97       0x77 .\CortexM3\ARM_GCC_541\Debug\cymetadata.o
 .debug_abbrev  0x00000d0e      0x1e8 .\CortexM3\ARM_GCC_541\Debug\Cm3Start.o
 .debug_abbrev  0x00000ef6      0x254 .\CortexM3\ARM_GCC_541\Debug\ReactionGame.a(CyLib.o)
 .debug_abbrev  0x0000114a      0x1ab .\CortexM3\ARM_GCC_541\Debug\ReactionGame.a(cyPm.o)
 .debug_abbrev  0x000012f5      0x284 .\CortexM3\ARM_GCC_541\Debug\ReactionGame.a(ErikaOS_1_ee_activate.o)
 .debug_abbrev  0x00001579      0x1f8 .\CortexM3\ARM_GCC_541\Debug\ReactionGame.a(ErikaOS_1_ee_alcancel.o)
 .debug_abbrev  0x00001771      0x1f7 .\CortexM3\ARM_GCC_541\Debug\ReactionGame.a(ErikaOS_1_ee_alsetrel.o)
 .debug_abbrev  0x00001968      0x362 .\CortexM3\ARM_GCC_541\Debug\ReactionGame.a(ErikaOS_1_ee_altick.o)
 .debug_abbrev  0x00001cca      0x1e0 .\CortexM3\ARM_GCC_541\Debug\ReactionGame.a(ErikaOS_1_ee_evclear.o)
 .debug_abbrev  0x00001eaa      0x150 .\CortexM3\ARM_GCC_541\Debug\ReactionGame.a(ErikaOS_1_ee_evget.o)
 .debug_abbrev  0x00001ffa      0x27f .\CortexM3\ARM_GCC_541\Debug\ReactionGame.a(ErikaOS_1_ee_evset.o)
 .debug_abbrev  0x00002279      0x25d .\CortexM3\ARM_GCC_541\Debug\ReactionGame.a(ErikaOS_1_ee_evwait.o)
 .debug_abbrev  0x000024d6      0x1da .\CortexM3\ARM_GCC_541\Debug\ReactionGame.a(ErikaOS_1_ee_irqendin.o)
 .debug_abbrev  0x000026b0       0xcf .\CortexM3\ARM_GCC_541\Debug\ReactionGame.a(ErikaOS_1_ee_lookup.o)
 .debug_abbrev  0x0000277f       0xfc .\CortexM3\ARM_GCC_541\Debug\ReactionGame.a(ErikaOS_1_ee_rq_exchg.o)
 .debug_abbrev  0x0000287b       0xed .\CortexM3\ARM_GCC_541\Debug\ReactionGame.a(ErikaOS_1_ee_rq_first.o)
 .debug_abbrev  0x00002968      0x109 .\CortexM3\ARM_GCC_541\Debug\ReactionGame.a(ErikaOS_1_ee_rq_inser.o)
 .debug_abbrev  0x00002a71      0x4a7 .\CortexM3\ARM_GCC_541\Debug\ReactionGame.a(ErikaOS_1_ee_startos.o)
 .debug_abbrev  0x00002f18      0x1de .\CortexM3\ARM_GCC_541\Debug\ReactionGame.a(ErikaOS_1_ee_terminat.o)
 .debug_abbrev  0x000030f6      0x1e3 .\CortexM3\ARM_GCC_541\Debug\ReactionGame.a(ErikaOS_1_cortex_mx_ee_utils.o)
 .debug_abbrev  0x000032d9       0xcf .\CortexM3\ARM_GCC_541\Debug\ReactionGame.a(ErikaOS_1_common_ee_hal_structs.o)
 .debug_abbrev  0x000033a8      0x130 .\CortexM3\ARM_GCC_541\Debug\ReactionGame.a(ErikaOS_1_eecfg.o)
 .debug_abbrev  0x000034d8      0x175 .\CortexM3\ARM_GCC_541\Debug\ReactionGame.a(UART_1.o)
 .debug_abbrev  0x0000364d      0x139 .\CortexM3\ARM_GCC_541\Debug\ReactionGame.a(UART_1_IntClock.o)
 .debug_abbrev  0x00003786       0x90 .\CortexM3\ARM_GCC_541\Debug\ReactionGame.a(Pin_Button1.o)
 .debug_abbrev  0x00003816       0x90 .\CortexM3\ARM_GCC_541\Debug\ReactionGame.a(Pin_Button2.o)
 .debug_abbrev  0x000038a6      0x173 .\CortexM3\ARM_GCC_541\Debug\ReactionGame.a(isr_Button.o)
 .debug_abbrev  0x00003a19       0x90 .\CortexM3\ARM_GCC_541\Debug\ReactionGame.a(SEVSEG_DP.o)
 .debug_abbrev  0x00003aa9       0x90 .\CortexM3\ARM_GCC_541\Debug\ReactionGame.a(Pin_SEVENSEL.o)
 .debug_abbrev  0x00003b39       0x81 .\CortexM3\ARM_GCC_541\Debug\ReactionGame.a(SEVENSEG_REG.o)
 .debug_abbrev  0x00003bba      0x133 .\CortexM3\ARM_GCC_541\Debug\ReactionGame.a(PWM_LED_RED.o)
 .debug_abbrev  0x00003ced      0x133 .\CortexM3\ARM_GCC_541\Debug\ReactionGame.a(PWM_LED_GREEN.o)
 .debug_abbrev  0x00003e20      0x133 .\CortexM3\ARM_GCC_541\Debug\ReactionGame.a(PWM_LED_YELLOW.o)
 .debug_abbrev  0x00003f53      0x139 .\CortexM3\ARM_GCC_541\Debug\ReactionGame.a(Clock_PWM.o)
 .debug_abbrev  0x0000408c       0x90 .\CortexM3\ARM_GCC_541\Debug\ReactionGame.a(Pin_LED_RED.o)
 .debug_abbrev  0x0000411c       0x90 .\CortexM3\ARM_GCC_541\Debug\ReactionGame.a(Pin_LED_GREEN.o)
 .debug_abbrev  0x000041ac       0x90 .\CortexM3\ARM_GCC_541\Debug\ReactionGame.a(Pin_LED_YELLOW.o)
 .debug_abbrev  0x0000423c       0x90 .\CortexM3\ARM_GCC_541\Debug\ReactionGame.a(Pin_RGB_RED.o)
 .debug_abbrev  0x000042cc       0x90 .\CortexM3\ARM_GCC_541\Debug\ReactionGame.a(Pin_RGB_GREEN.o)
 .debug_abbrev  0x0000435c       0x90 .\CortexM3\ARM_GCC_541\Debug\ReactionGame.a(Pin_RGB_BLUE.o)
 .debug_abbrev  0x000043ec       0x14 .\CortexM3\ARM_GCC_541\Debug\ReactionGame.a(CyBootAsmGnu.o)
 .debug_abbrev  0x00004400       0x14 .\CortexM3\ARM_GCC_541\Debug\ReactionGame.a(ErikaOS_1_ee_gnu_change_context_isr.o)
 .debug_abbrev  0x00004414       0x14 .\CortexM3\ARM_GCC_541\Debug\ReactionGame.a(ErikaOS_1_ee_gnu_irq_stack.o)
 .debug_abbrev  0x00004428       0x14 .\CortexM3\ARM_GCC_541\Debug\ReactionGame.a(ErikaOS_1_ee_gnu_multi_context.o)
 .debug_abbrev  0x0000443c       0x14 .\CortexM3\ARM_GCC_541\Debug\ReactionGame.a(ErikaOS_1_ee_gnu_oo.o)
 .debug_abbrev  0x00004450      0x1a7 .\CortexM3\ARM_GCC_541\Debug\ReactionGame.a(CyFlash.o)
 .debug_abbrev  0x000045f7      0x194 .\CortexM3\ARM_GCC_541\Debug\ReactionGame.a(CySpc.o)
 .debug_abbrev  0x0000478b      0x157 .\CortexM3\ARM_GCC_541\Debug\ReactionGame.a(ErikaOS_1_ee_tnterm.o)
 .debug_abbrev  0x000048e2      0x143 .\CortexM3\ARM_GCC_541\Debug\ReactionGame.a(ErikaOS_1_ee_tstub.o)
 .debug_abbrev  0x00004a25      0x156 .\CortexM3\ARM_GCC_541\Debug\ReactionGame.a(ErikaOS_1_cortex_mx_ee_context.o)
 .debug_abbrev  0x00004b7b      0x229 .\CortexM3\ARM_GCC_541\Debug\ReactionGame.a(ErikaOS_1_ee_thendin.o)

.debug_line     0x00000000     0x6775
 *(.debug_line)
 .debug_line    0x00000000      0x5db .\CortexM3\ARM_GCC_541\Debug\main.o
 .debug_line    0x000005db      0x3a3 .\CortexM3\ARM_GCC_541\Debug\Game.o
 .debug_line    0x0000097e      0x27e .\CortexM3\ARM_GCC_541\Debug\Fader.o
 .debug_line    0x00000bfc      0x29e .\CortexM3\ARM_GCC_541\Debug\Glower.o
 .debug_line    0x00000e9a      0x28e .\CortexM3\ARM_GCC_541\Debug\button.o
 .debug_line    0x00001128      0x302 .\CortexM3\ARM_GCC_541\Debug\led.o
 .debug_line    0x0000142a      0x2ed .\CortexM3\ARM_GCC_541\Debug\seven.o
 .debug_line    0x00001717      0x1da .\CortexM3\ARM_GCC_541\Debug\cyfitter_cfg.o
 .debug_line    0x000018f1      0x141 .\CortexM3\ARM_GCC_541\Debug\cymetadata.o
 .debug_line    0x00001a32      0x234 .\CortexM3\ARM_GCC_541\Debug\Cm3Start.o
 .debug_line    0x00001c66      0x816 .\CortexM3\ARM_GCC_541\Debug\ReactionGame.a(CyLib.o)
 .debug_line    0x0000247c      0x367 .\CortexM3\ARM_GCC_541\Debug\ReactionGame.a(cyPm.o)
 .debug_line    0x000027e3      0x1fa .\CortexM3\ARM_GCC_541\Debug\ReactionGame.a(ErikaOS_1_ee_activate.o)
 .debug_line    0x000029dd      0x1d3 .\CortexM3\ARM_GCC_541\Debug\ReactionGame.a(ErikaOS_1_ee_alcancel.o)
 .debug_line    0x00002bb0      0x1d1 .\CortexM3\ARM_GCC_541\Debug\ReactionGame.a(ErikaOS_1_ee_alsetrel.o)
 .debug_line    0x00002d81      0x305 .\CortexM3\ARM_GCC_541\Debug\ReactionGame.a(ErikaOS_1_ee_altick.o)
 .debug_line    0x00003086      0x1d5 .\CortexM3\ARM_GCC_541\Debug\ReactionGame.a(ErikaOS_1_ee_evclear.o)
 .debug_line    0x0000325b      0x15b .\CortexM3\ARM_GCC_541\Debug\ReactionGame.a(ErikaOS_1_ee_evget.o)
 .debug_line    0x000033b6      0x1f7 .\CortexM3\ARM_GCC_541\Debug\ReactionGame.a(ErikaOS_1_ee_evset.o)
 .debug_line    0x000035ad      0x203 .\CortexM3\ARM_GCC_541\Debug\ReactionGame.a(ErikaOS_1_ee_evwait.o)
 .debug_line    0x000037b0      0x1a0 .\CortexM3\ARM_GCC_541\Debug\ReactionGame.a(ErikaOS_1_ee_irqendin.o)
 .debug_line    0x00003950      0x119 .\CortexM3\ARM_GCC_541\Debug\ReactionGame.a(ErikaOS_1_ee_lookup.o)
 .debug_line    0x00003a69      0x15b .\CortexM3\ARM_GCC_541\Debug\ReactionGame.a(ErikaOS_1_ee_rq_exchg.o)
 .debug_line    0x00003bc4      0x152 .\CortexM3\ARM_GCC_541\Debug\ReactionGame.a(ErikaOS_1_ee_rq_first.o)
 .debug_line    0x00003d16      0x156 .\CortexM3\ARM_GCC_541\Debug\ReactionGame.a(ErikaOS_1_ee_rq_inser.o)
 .debug_line    0x00003e6c      0x3fa .\CortexM3\ARM_GCC_541\Debug\ReactionGame.a(ErikaOS_1_ee_startos.o)
 .debug_line    0x00004266      0x1c0 .\CortexM3\ARM_GCC_541\Debug\ReactionGame.a(ErikaOS_1_ee_terminat.o)
 .debug_line    0x00004426      0x184 .\CortexM3\ARM_GCC_541\Debug\ReactionGame.a(ErikaOS_1_cortex_mx_ee_utils.o)
 .debug_line    0x000045aa       0xf9 .\CortexM3\ARM_GCC_541\Debug\ReactionGame.a(ErikaOS_1_common_ee_hal_structs.o)
 .debug_line    0x000046a3      0x13c .\CortexM3\ARM_GCC_541\Debug\ReactionGame.a(ErikaOS_1_eecfg.o)
 .debug_line    0x000047df      0x2c0 .\CortexM3\ARM_GCC_541\Debug\ReactionGame.a(UART_1.o)
 .debug_line    0x00004a9f      0x17e .\CortexM3\ARM_GCC_541\Debug\ReactionGame.a(UART_1_IntClock.o)
 .debug_line    0x00004c1d       0x98 .\CortexM3\ARM_GCC_541\Debug\ReactionGame.a(Pin_Button1.o)
 .debug_line    0x00004cb5       0x98 .\CortexM3\ARM_GCC_541\Debug\ReactionGame.a(Pin_Button2.o)
 .debug_line    0x00004d4d      0x137 .\CortexM3\ARM_GCC_541\Debug\ReactionGame.a(isr_Button.o)
 .debug_line    0x00004e84       0x96 .\CortexM3\ARM_GCC_541\Debug\ReactionGame.a(SEVSEG_DP.o)
 .debug_line    0x00004f1a       0x99 .\CortexM3\ARM_GCC_541\Debug\ReactionGame.a(Pin_SEVENSEL.o)
 .debug_line    0x00004fb3       0x74 .\CortexM3\ARM_GCC_541\Debug\ReactionGame.a(SEVENSEG_REG.o)
 .debug_line    0x00005027      0x18b .\CortexM3\ARM_GCC_541\Debug\ReactionGame.a(PWM_LED_RED.o)
 .debug_line    0x000051b2      0x18d .\CortexM3\ARM_GCC_541\Debug\ReactionGame.a(PWM_LED_GREEN.o)
 .debug_line    0x0000533f      0x18e .\CortexM3\ARM_GCC_541\Debug\ReactionGame.a(PWM_LED_YELLOW.o)
 .debug_line    0x000054cd      0x178 .\CortexM3\ARM_GCC_541\Debug\ReactionGame.a(Clock_PWM.o)
 .debug_line    0x00005645       0x98 .\CortexM3\ARM_GCC_541\Debug\ReactionGame.a(Pin_LED_RED.o)
 .debug_line    0x000056dd       0x9a .\CortexM3\ARM_GCC_541\Debug\ReactionGame.a(Pin_LED_GREEN.o)
 .debug_line    0x00005777       0x9b .\CortexM3\ARM_GCC_541\Debug\ReactionGame.a(Pin_LED_YELLOW.o)
 .debug_line    0x00005812       0x98 .\CortexM3\ARM_GCC_541\Debug\ReactionGame.a(Pin_RGB_RED.o)
 .debug_line    0x000058aa       0x9a .\CortexM3\ARM_GCC_541\Debug\ReactionGame.a(Pin_RGB_GREEN.o)
 .debug_line    0x00005944       0x99 .\CortexM3\ARM_GCC_541\Debug\ReactionGame.a(Pin_RGB_BLUE.o)
 .debug_line    0x000059dd       0x66 .\CortexM3\ARM_GCC_541\Debug\ReactionGame.a(CyBootAsmGnu.o)
 .debug_line    0x00005a43       0xae .\CortexM3\ARM_GCC_541\Debug\ReactionGame.a(ErikaOS_1_ee_gnu_change_context_isr.o)
 .debug_line    0x00005af1       0x74 .\CortexM3\ARM_GCC_541\Debug\ReactionGame.a(ErikaOS_1_ee_gnu_irq_stack.o)
 .debug_line    0x00005b65       0x9d .\CortexM3\ARM_GCC_541\Debug\ReactionGame.a(ErikaOS_1_ee_gnu_multi_context.o)
 .debug_line    0x00005c02       0x99 .\CortexM3\ARM_GCC_541\Debug\ReactionGame.a(ErikaOS_1_ee_gnu_oo.o)
 .debug_line    0x00005c9b      0x21a .\CortexM3\ARM_GCC_541\Debug\ReactionGame.a(CyFlash.o)
 .debug_line    0x00005eb5      0x260 .\CortexM3\ARM_GCC_541\Debug\ReactionGame.a(CySpc.o)
 .debug_line    0x00006115      0x17b .\CortexM3\ARM_GCC_541\Debug\ReactionGame.a(ErikaOS_1_ee_tnterm.o)
 .debug_line    0x00006290      0x172 .\CortexM3\ARM_GCC_541\Debug\ReactionGame.a(ErikaOS_1_ee_tstub.o)
 .debug_line    0x00006402      0x1ac .\CortexM3\ARM_GCC_541\Debug\ReactionGame.a(ErikaOS_1_cortex_mx_ee_context.o)
 .debug_line    0x000065ae      0x1c7 .\CortexM3\ARM_GCC_541\Debug\ReactionGame.a(ErikaOS_1_ee_thendin.o)

.debug_frame    0x00000000     0x275c
 *(.debug_frame)
 .debug_frame   0x00000000      0x160 .\CortexM3\ARM_GCC_541\Debug\main.o
 .debug_frame   0x00000160       0xb4 .\CortexM3\ARM_GCC_541\Debug\Game.o
 .debug_frame   0x00000214       0x2c .\CortexM3\ARM_GCC_541\Debug\Fader.o
 .debug_frame   0x00000240       0x30 .\CortexM3\ARM_GCC_541\Debug\Glower.o
 .debug_frame   0x00000270       0x50 .\CortexM3\ARM_GCC_541\Debug\button.o
 .debug_frame   0x000002c0       0x68 .\CortexM3\ARM_GCC_541\Debug\led.o
 .debug_frame   0x00000328       0xd8 .\CortexM3\ARM_GCC_541\Debug\seven.o
 .debug_frame   0x00000400       0xe4 .\CortexM3\ARM_GCC_541\Debug\cyfitter_cfg.o
 .debug_frame   0x000004e4       0xb8 .\CortexM3\ARM_GCC_541\Debug\Cm3Start.o
 .debug_frame   0x0000059c      0x738 .\CortexM3\ARM_GCC_541\Debug\ReactionGame.a(CyLib.o)
 .debug_frame   0x00000cd4      0x1f8 .\CortexM3\ARM_GCC_541\Debug\ReactionGame.a(cyPm.o)
 .debug_frame   0x00000ecc       0x30 .\CortexM3\ARM_GCC_541\Debug\ReactionGame.a(ErikaOS_1_ee_activate.o)
 .debug_frame   0x00000efc       0x38 .\CortexM3\ARM_GCC_541\Debug\ReactionGame.a(ErikaOS_1_ee_alcancel.o)
 .debug_frame   0x00000f34       0x38 .\CortexM3\ARM_GCC_541\Debug\ReactionGame.a(ErikaOS_1_ee_alsetrel.o)
 .debug_frame   0x00000f6c      0x10c .\CortexM3\ARM_GCC_541\Debug\ReactionGame.a(ErikaOS_1_ee_altick.o)
 .debug_frame   0x00001078       0x38 .\CortexM3\ARM_GCC_541\Debug\ReactionGame.a(ErikaOS_1_ee_evclear.o)
 .debug_frame   0x000010b0       0x20 .\CortexM3\ARM_GCC_541\Debug\ReactionGame.a(ErikaOS_1_ee_evget.o)
 .debug_frame   0x000010d0       0x30 .\CortexM3\ARM_GCC_541\Debug\ReactionGame.a(ErikaOS_1_ee_evset.o)
 .debug_frame   0x00001100       0x30 .\CortexM3\ARM_GCC_541\Debug\ReactionGame.a(ErikaOS_1_ee_evwait.o)
 .debug_frame   0x00001130       0x58 .\CortexM3\ARM_GCC_541\Debug\ReactionGame.a(ErikaOS_1_ee_irqendin.o)
 .debug_frame   0x00001188       0x3c .\CortexM3\ARM_GCC_541\Debug\ReactionGame.a(ErikaOS_1_ee_rq_exchg.o)
 .debug_frame   0x000011c4       0x20 .\CortexM3\ARM_GCC_541\Debug\ReactionGame.a(ErikaOS_1_ee_rq_first.o)
 .debug_frame   0x000011e4       0x30 .\CortexM3\ARM_GCC_541\Debug\ReactionGame.a(ErikaOS_1_ee_rq_inser.o)
 .debug_frame   0x00001214       0x90 .\CortexM3\ARM_GCC_541\Debug\ReactionGame.a(ErikaOS_1_ee_startos.o)
 .debug_frame   0x000012a4       0x2c .\CortexM3\ARM_GCC_541\Debug\ReactionGame.a(ErikaOS_1_ee_terminat.o)
 .debug_frame   0x000012d0       0x30 .\CortexM3\ARM_GCC_541\Debug\ReactionGame.a(ErikaOS_1_cortex_mx_ee_utils.o)
 .debug_frame   0x00001300      0x250 .\CortexM3\ARM_GCC_541\Debug\ReactionGame.a(UART_1.o)
 .debug_frame   0x00001550       0xe0 .\CortexM3\ARM_GCC_541\Debug\ReactionGame.a(UART_1_IntClock.o)
 .debug_frame   0x00001630       0x50 .\CortexM3\ARM_GCC_541\Debug\ReactionGame.a(Pin_Button1.o)
 .debug_frame   0x00001680       0x50 .\CortexM3\ARM_GCC_541\Debug\ReactionGame.a(Pin_Button2.o)
 .debug_frame   0x000016d0      0x104 .\CortexM3\ARM_GCC_541\Debug\ReactionGame.a(isr_Button.o)
 .debug_frame   0x000017d4       0x50 .\CortexM3\ARM_GCC_541\Debug\ReactionGame.a(SEVSEG_DP.o)
 .debug_frame   0x00001824       0x50 .\CortexM3\ARM_GCC_541\Debug\ReactionGame.a(Pin_SEVENSEL.o)
 .debug_frame   0x00001874       0x30 .\CortexM3\ARM_GCC_541\Debug\ReactionGame.a(SEVENSEG_REG.o)
 .debug_frame   0x000018a4      0x134 .\CortexM3\ARM_GCC_541\Debug\ReactionGame.a(PWM_LED_RED.o)
 .debug_frame   0x000019d8      0x134 .\CortexM3\ARM_GCC_541\Debug\ReactionGame.a(PWM_LED_GREEN.o)
 .debug_frame   0x00001b0c      0x134 .\CortexM3\ARM_GCC_541\Debug\ReactionGame.a(PWM_LED_YELLOW.o)
 .debug_frame   0x00001c40       0xe0 .\CortexM3\ARM_GCC_541\Debug\ReactionGame.a(Clock_PWM.o)
 .debug_frame   0x00001d20       0x50 .\CortexM3\ARM_GCC_541\Debug\ReactionGame.a(Pin_LED_RED.o)
 .debug_frame   0x00001d70       0x50 .\CortexM3\ARM_GCC_541\Debug\ReactionGame.a(Pin_LED_GREEN.o)
 .debug_frame   0x00001dc0       0x50 .\CortexM3\ARM_GCC_541\Debug\ReactionGame.a(Pin_LED_YELLOW.o)
 .debug_frame   0x00001e10       0x50 .\CortexM3\ARM_GCC_541\Debug\ReactionGame.a(Pin_RGB_RED.o)
 .debug_frame   0x00001e60       0x50 .\CortexM3\ARM_GCC_541\Debug\ReactionGame.a(Pin_RGB_GREEN.o)
 .debug_frame   0x00001eb0       0x50 .\CortexM3\ARM_GCC_541\Debug\ReactionGame.a(Pin_RGB_BLUE.o)
 .debug_frame   0x00001f00      0x194 .\CortexM3\ARM_GCC_541\Debug\ReactionGame.a(CyFlash.o)
 .debug_frame   0x00002094      0x180 .\CortexM3\ARM_GCC_541\Debug\ReactionGame.a(CySpc.o)
 .debug_frame   0x00002214       0x2c .\CortexM3\ARM_GCC_541\Debug\ReactionGame.a(ErikaOS_1_ee_tnterm.o)
 .debug_frame   0x00002240       0x2c .\CortexM3\ARM_GCC_541\Debug\ReactionGame.a(ErikaOS_1_ee_tstub.o)
 .debug_frame   0x0000226c       0x3c .\CortexM3\ARM_GCC_541\Debug\ReactionGame.a(ErikaOS_1_cortex_mx_ee_context.o)
 .debug_frame   0x000022a8       0x5c .\CortexM3\ARM_GCC_541\Debug\ReactionGame.a(ErikaOS_1_ee_thendin.o)
 .debug_frame   0x00002304       0x20 c:/program files (x86)/cypress/psoc creator/4.4/psoc creator/import/gnu/arm/5.4.1/bin/../lib/gcc/arm-none-eabi/5.4.1/../../../../arm-none-eabi/lib/armv7-m\libg_nano.a(lib_a-errno.o)
 .debug_frame   0x00002324       0x28 c:/program files (x86)/cypress/psoc creator/4.4/psoc creator/import/gnu/arm/5.4.1/bin/../lib/gcc/arm-none-eabi/5.4.1/../../../../arm-none-eabi/lib/armv7-m\libg_nano.a(lib_a-exit.o)
 .debug_frame   0x0000234c       0x2c c:/program files (x86)/cypress/psoc creator/4.4/psoc creator/import/gnu/arm/5.4.1/bin/../lib/gcc/arm-none-eabi/5.4.1/../../../../arm-none-eabi/lib/armv7-m\libg_nano.a(lib_a-init.o)
 .debug_frame   0x00002378       0x28 c:/program files (x86)/cypress/psoc creator/4.4/psoc creator/import/gnu/arm/5.4.1/bin/../lib/gcc/arm-none-eabi/5.4.1/../../../../arm-none-eabi/lib/armv7-m\libg_nano.a(lib_a-memcpy-stub.o)
 .debug_frame   0x000023a0       0x20 c:/program files (x86)/cypress/psoc creator/4.4/psoc creator/import/gnu/arm/5.4.1/bin/../lib/gcc/arm-none-eabi/5.4.1/../../../../arm-none-eabi/lib/armv7-m\libg_nano.a(lib_a-memset.o)
 .debug_frame   0x000023c0       0x44 c:/program files (x86)/cypress/psoc creator/4.4/psoc creator/import/gnu/arm/5.4.1/bin/../lib/gcc/arm-none-eabi/5.4.1/../../../../arm-none-eabi/lib/armv7-m\libg_nano.a(lib_a-rand.o)
 .debug_frame   0x00002404       0x70 c:/program files (x86)/cypress/psoc creator/4.4/psoc creator/import/gnu/arm/5.4.1/bin/../lib/gcc/arm-none-eabi/5.4.1/../../../../arm-none-eabi/lib/armv7-m\libg_nano.a(lib_a-sprintf.o)
 .debug_frame   0x00002474       0x30 c:/program files (x86)/cypress/psoc creator/4.4/psoc creator/import/gnu/arm/5.4.1/bin/../lib/gcc/arm-none-eabi/5.4.1/../../../../arm-none-eabi/lib/armv7-m\libg_nano.a(lib_a-malloc.o)
 .debug_frame   0x000024a4       0x38 c:/program files (x86)/cypress/psoc creator/4.4/psoc creator/import/gnu/arm/5.4.1/bin/../lib/gcc/arm-none-eabi/5.4.1/../../../../arm-none-eabi/lib/armv7-m\libg_nano.a(lib_a-nano-freer.o)
 .debug_frame   0x000024dc       0x2c c:/program files (x86)/cypress/psoc creator/4.4/psoc creator/import/gnu/arm/5.4.1/bin/../lib/gcc/arm-none-eabi/5.4.1/../../../../arm-none-eabi/lib/armv7-m\libg_nano.a(lib_a-nano-mallocr.o)
 .debug_frame   0x00002508       0x90 c:/program files (x86)/cypress/psoc creator/4.4/psoc creator/import/gnu/arm/5.4.1/bin/../lib/gcc/arm-none-eabi/5.4.1/../../../../arm-none-eabi/lib/armv7-m\libg_nano.a(lib_a-nano-svfprintf.o)
 .debug_frame   0x00002598       0x60 c:/program files (x86)/cypress/psoc creator/4.4/psoc creator/import/gnu/arm/5.4.1/bin/../lib/gcc/arm-none-eabi/5.4.1/../../../../arm-none-eabi/lib/armv7-m\libg_nano.a(lib_a-nano-vfprintf_i.o)
 .debug_frame   0x000025f8       0x2c c:/program files (x86)/cypress/psoc creator/4.4/psoc creator/import/gnu/arm/5.4.1/bin/../lib/gcc/arm-none-eabi/5.4.1/../../../../arm-none-eabi/lib/armv7-m\libg_nano.a(lib_a-sbrkr.o)
 .debug_frame   0x00002624       0x28 c:/program files (x86)/cypress/psoc creator/4.4/psoc creator/import/gnu/arm/5.4.1/bin/../lib/gcc/arm-none-eabi/5.4.1/../../../../arm-none-eabi/lib/armv7-m\libg_nano.a(lib_a-memchr-stub.o)
 .debug_frame   0x0000264c       0x28 c:/program files (x86)/cypress/psoc creator/4.4/psoc creator/import/gnu/arm/5.4.1/bin/../lib/gcc/arm-none-eabi/5.4.1/../../../../arm-none-eabi/lib/armv7-m\libg_nano.a(lib_a-memmove.o)
 .debug_frame   0x00002674       0x30 c:/program files (x86)/cypress/psoc creator/4.4/psoc creator/import/gnu/arm/5.4.1/bin/../lib/gcc/arm-none-eabi/5.4.1/../../../../arm-none-eabi/lib/armv7-m\libg_nano.a(lib_a-mlock.o)
 .debug_frame   0x000026a4       0x3c c:/program files (x86)/cypress/psoc creator/4.4/psoc creator/import/gnu/arm/5.4.1/bin/../lib/gcc/arm-none-eabi/5.4.1/../../../../arm-none-eabi/lib/armv7-m\libg_nano.a(lib_a-nano-reallocr.o)
 .debug_frame   0x000026e0       0x5c c:/program files (x86)/cypress/psoc creator/4.4/psoc creator/import/gnu/arm/5.4.1/bin/../lib/gcc/arm-none-eabi/5.4.1/../../../../arm-none-eabi/lib/armv7-m\libg_nano.a(lib_a-reent.o)
 .debug_frame   0x0000273c       0x20 c:/program files (x86)/cypress/psoc creator/4.4/psoc creator/import/gnu/arm/5.4.1/bin/../lib/gcc/arm-none-eabi/5.4.1/../../../../arm-none-eabi/lib/armv7-m\libg_nano.a(lib_a-nano-msizer.o)

.debug_str      0x00000000     0x468f
 *(.debug_str)
 .debug_str     0x00000000      0x60c .\CortexM3\ARM_GCC_541\Debug\main.o
                                0x692 (size before relaxing)
 .debug_str     0x0000060c      0x3cf .\CortexM3\ARM_GCC_541\Debug\Game.o
                                0x6ce (size before relaxing)
 .debug_str     0x000009db      0x105 .\CortexM3\ARM_GCC_541\Debug\Fader.o
                                0x557 (size before relaxing)
 .debug_str     0x00000ae0       0x80 .\CortexM3\ARM_GCC_541\Debug\Glower.o
                                0x4ff (size before relaxing)
 .debug_str     0x00000b60       0x91 .\CortexM3\ARM_GCC_541\Debug\button.o
                                0x4f0 (size before relaxing)
 .debug_str     0x00000bf1      0x124 .\CortexM3\ARM_GCC_541\Debug\led.o
                                0x617 (size before relaxing)
 .debug_str     0x00000d15       0xd6 .\CortexM3\ARM_GCC_541\Debug\seven.o
                                0x561 (size before relaxing)
 .debug_str     0x00000deb      0x174 .\CortexM3\ARM_GCC_541\Debug\cyfitter_cfg.o
                                0x314 (size before relaxing)
 .debug_str     0x00000f5f       0x75 .\CortexM3\ARM_GCC_541\Debug\cymetadata.o
                                0x1e9 (size before relaxing)
 .debug_str     0x00000fd4      0x132 .\CortexM3\ARM_GCC_541\Debug\Cm3Start.o
                                0x30f (size before relaxing)
 .debug_str     0x00001106      0x81a .\CortexM3\ARM_GCC_541\Debug\ReactionGame.a(CyLib.o)
                                0xa4c (size before relaxing)
 .debug_str     0x00001920      0x365 .\CortexM3\ARM_GCC_541\Debug\ReactionGame.a(cyPm.o)
                                0x738 (size before relaxing)
 .debug_str     0x00001c85      0x5c0 .\CortexM3\ARM_GCC_541\Debug\ReactionGame.a(ErikaOS_1_ee_activate.o)
                                0x80c (size before relaxing)
 .debug_str     0x00002245       0x7c .\CortexM3\ARM_GCC_541\Debug\ReactionGame.a(ErikaOS_1_ee_alcancel.o)
                                0x5df (size before relaxing)
 .debug_str     0x000022c1       0x88 .\CortexM3\ARM_GCC_541\Debug\ReactionGame.a(ErikaOS_1_ee_alsetrel.o)
                                0x604 (size before relaxing)
 .debug_str     0x00002349      0x229 .\CortexM3\ARM_GCC_541\Debug\ReactionGame.a(ErikaOS_1_ee_altick.o)
                                0xa67 (size before relaxing)
 .debug_str     0x00002572       0x2e .\CortexM3\ARM_GCC_541\Debug\ReactionGame.a(ErikaOS_1_ee_evclear.o)
                                0x5e4 (size before relaxing)
 .debug_str     0x000025a0       0x5d .\CortexM3\ARM_GCC_541\Debug\ReactionGame.a(ErikaOS_1_ee_evget.o)
                                0x554 (size before relaxing)
 .debug_str     0x000025fd       0x2c .\CortexM3\ARM_GCC_541\Debug\ReactionGame.a(ErikaOS_1_ee_evset.o)
                                0x7e4 (size before relaxing)
 .debug_str     0x00002629       0x8f .\CortexM3\ARM_GCC_541\Debug\ReactionGame.a(ErikaOS_1_ee_evwait.o)
                                0x828 (size before relaxing)
 .debug_str     0x000026b8       0xca .\CortexM3\ARM_GCC_541\Debug\ReactionGame.a(ErikaOS_1_ee_irqendin.o)
                                0x6c1 (size before relaxing)
 .debug_str     0x00002782       0x2d .\CortexM3\ARM_GCC_541\Debug\ReactionGame.a(ErikaOS_1_ee_lookup.o)
                                0x490 (size before relaxing)
 .debug_str     0x000027af       0x8c .\CortexM3\ARM_GCC_541\Debug\ReactionGame.a(ErikaOS_1_ee_rq_exchg.o)
                                0x502 (size before relaxing)
 .debug_str     0x0000283b       0x2f .\CortexM3\ARM_GCC_541\Debug\ReactionGame.a(ErikaOS_1_ee_rq_first.o)
                                0x4cd (size before relaxing)
 .debug_str     0x0000286a       0x3a .\CortexM3\ARM_GCC_541\Debug\ReactionGame.a(ErikaOS_1_ee_rq_inser.o)
                                0x507 (size before relaxing)
 .debug_str     0x000028a4      0x8aa .\CortexM3\ARM_GCC_541\Debug\ReactionGame.a(ErikaOS_1_ee_startos.o)
                               0x1733 (size before relaxing)
 .debug_str     0x0000314e       0x5d .\CortexM3\ARM_GCC_541\Debug\ReactionGame.a(ErikaOS_1_ee_terminat.o)
                                0x5f1 (size before relaxing)
 .debug_str     0x000031ab       0x73 .\CortexM3\ARM_GCC_541\Debug\ReactionGame.a(ErikaOS_1_cortex_mx_ee_utils.o)
                                0x55f (size before relaxing)
 .debug_str     0x0000321e       0x39 .\CortexM3\ARM_GCC_541\Debug\ReactionGame.a(ErikaOS_1_common_ee_hal_structs.o)
                                0x49c (size before relaxing)
 .debug_str     0x00003257      0x18a .\CortexM3\ARM_GCC_541\Debug\ReactionGame.a(ErikaOS_1_eecfg.o)
                                0x7d5 (size before relaxing)
 .debug_str     0x000033e1      0x2c7 .\CortexM3\ARM_GCC_541\Debug\ReactionGame.a(UART_1.o)
                                0x4b8 (size before relaxing)
 .debug_str     0x000036a8      0x197 .\CortexM3\ARM_GCC_541\Debug\ReactionGame.a(UART_1_IntClock.o)
                                0x353 (size before relaxing)
 .debug_str     0x0000383f       0x73 .\CortexM3\ARM_GCC_541\Debug\ReactionGame.a(Pin_Button1.o)
                                0x205 (size before relaxing)
 .debug_str     0x000038b2       0x68 .\CortexM3\ARM_GCC_541\Debug\ReactionGame.a(Pin_Button2.o)
                                0x205 (size before relaxing)
 .debug_str     0x0000391a      0x119 .\CortexM3\ARM_GCC_541\Debug\ReactionGame.a(isr_Button.o)
                                0x2f1 (size before relaxing)
 .debug_str     0x00003a33       0x5f .\CortexM3\ARM_GCC_541\Debug\ReactionGame.a(SEVSEG_DP.o)
                                0x1fb (size before relaxing)
 .debug_str     0x00003a92       0x6b .\CortexM3\ARM_GCC_541\Debug\ReactionGame.a(Pin_SEVENSEL.o)
                                0x20a (size before relaxing)
 .debug_str     0x00003afd       0x38 .\CortexM3\ARM_GCC_541\Debug\ReactionGame.a(SEVENSEG_REG.o)
                                0x1c9 (size before relaxing)
 .debug_str     0x00003b35      0x1cf .\CortexM3\ARM_GCC_541\Debug\ReactionGame.a(PWM_LED_RED.o)
                                0x3c8 (size before relaxing)
 .debug_str     0x00003d04      0x1ce .\CortexM3\ARM_GCC_541\Debug\ReactionGame.a(PWM_LED_GREEN.o)
                                0x3ee (size before relaxing)
 .debug_str     0x00003ed2      0x1df .\CortexM3\ARM_GCC_541\Debug\ReactionGame.a(PWM_LED_YELLOW.o)
                                0x401 (size before relaxing)
 .debug_str     0x000040b1      0x11f .\CortexM3\ARM_GCC_541\Debug\ReactionGame.a(Clock_PWM.o)
                                0x30b (size before relaxing)
 .debug_str     0x000041d0       0x56 .\CortexM3\ARM_GCC_541\Debug\ReactionGame.a(Pin_LED_RED.o)
                                0x205 (size before relaxing)
 .debug_str     0x00004226       0x5c .\CortexM3\ARM_GCC_541\Debug\ReactionGame.a(Pin_LED_GREEN.o)
                                0x20f (size before relaxing)
 .debug_str     0x00004282       0x5f .\CortexM3\ARM_GCC_541\Debug\ReactionGame.a(Pin_LED_YELLOW.o)
                                0x214 (size before relaxing)
 .debug_str     0x000042e1       0x67 .\CortexM3\ARM_GCC_541\Debug\ReactionGame.a(Pin_RGB_RED.o)
                                0x205 (size before relaxing)
 .debug_str     0x00004348       0x6f .\CortexM3\ARM_GCC_541\Debug\ReactionGame.a(Pin_RGB_GREEN.o)
                                0x20f (size before relaxing)
 .debug_str     0x000043b7       0x6b .\CortexM3\ARM_GCC_541\Debug\ReactionGame.a(Pin_RGB_BLUE.o)
                                0x20a (size before relaxing)
 .debug_str     0x00004422       0x65 .\CortexM3\ARM_GCC_541\Debug\ReactionGame.a(CyFlash.o)
                                0x3c5 (size before relaxing)
 .debug_str     0x00004487       0x64 .\CortexM3\ARM_GCC_541\Debug\ReactionGame.a(CySpc.o)
                                0x33d (size before relaxing)
 .debug_str     0x000044eb       0x58 .\CortexM3\ARM_GCC_541\Debug\ReactionGame.a(ErikaOS_1_ee_tnterm.o)
                                0x503 (size before relaxing)
 .debug_str     0x00004543       0x57 .\CortexM3\ARM_GCC_541\Debug\ReactionGame.a(ErikaOS_1_ee_tstub.o)
                                0x5da (size before relaxing)
 .debug_str     0x0000459a       0x8c .\CortexM3\ARM_GCC_541\Debug\ReactionGame.a(ErikaOS_1_cortex_mx_ee_context.o)
                                0x591 (size before relaxing)
 .debug_str     0x00004626       0x69 .\CortexM3\ARM_GCC_541\Debug\ReactionGame.a(ErikaOS_1_ee_thendin.o)
                                0x757 (size before relaxing)

.debug_loc      0x00000000     0x39c8
 *(.debug_loc)
 .debug_loc     0x00000000      0x13a .\CortexM3\ARM_GCC_541\Debug\main.o
 .debug_loc     0x0000013a      0x10f .\CortexM3\ARM_GCC_541\Debug\Game.o
 .debug_loc     0x00000249       0xb9 .\CortexM3\ARM_GCC_541\Debug\button.o
 .debug_loc     0x00000302      0x196 .\CortexM3\ARM_GCC_541\Debug\led.o
 .debug_loc     0x00000498      0x1ab .\CortexM3\ARM_GCC_541\Debug\seven.o
 .debug_loc     0x00000643      0x1d7 .\CortexM3\ARM_GCC_541\Debug\cyfitter_cfg.o
 .debug_loc     0x0000081a      0x144 .\CortexM3\ARM_GCC_541\Debug\Cm3Start.o
 .debug_loc     0x0000095e      0xa11 .\CortexM3\ARM_GCC_541\Debug\ReactionGame.a(CyLib.o)
 .debug_loc     0x0000136f      0x1e4 .\CortexM3\ARM_GCC_541\Debug\ReactionGame.a(cyPm.o)
 .debug_loc     0x00001553      0x12d .\CortexM3\ARM_GCC_541\Debug\ReactionGame.a(ErikaOS_1_ee_activate.o)
 .debug_loc     0x00001680      0x156 .\CortexM3\ARM_GCC_541\Debug\ReactionGame.a(ErikaOS_1_ee_alcancel.o)
 .debug_loc     0x000017d6      0x1e0 .\CortexM3\ARM_GCC_541\Debug\ReactionGame.a(ErikaOS_1_ee_alsetrel.o)
 .debug_loc     0x000019b6      0x46c .\CortexM3\ARM_GCC_541\Debug\ReactionGame.a(ErikaOS_1_ee_altick.o)
 .debug_loc     0x00001e22       0xbc .\CortexM3\ARM_GCC_541\Debug\ReactionGame.a(ErikaOS_1_ee_evclear.o)
 .debug_loc     0x00001ede       0xa4 .\CortexM3\ARM_GCC_541\Debug\ReactionGame.a(ErikaOS_1_ee_evget.o)
 .debug_loc     0x00001f82      0x16b .\CortexM3\ARM_GCC_541\Debug\ReactionGame.a(ErikaOS_1_ee_evset.o)
 .debug_loc     0x000020ed      0x13f .\CortexM3\ARM_GCC_541\Debug\ReactionGame.a(ErikaOS_1_ee_evwait.o)
 .debug_loc     0x0000222c       0x62 .\CortexM3\ARM_GCC_541\Debug\ReactionGame.a(ErikaOS_1_ee_irqendin.o)